<html>
<body>
<pre>
<h1>µVision Build Log</h1>
<h2>Project:</h2>
C:\Users\AQHNE\Desktop\20160507\Mp3_player\STM32F407.uvproj
Project File Date:  12/31/2015

<h2>Output:</h2>
Rebuild target 'Mp3_player'
assembling startup_stm32f4xx.s...
compiling main.c...
compiling stm32f4xx_it.c...
compiling system_stm32f4xx.c...
compiling usb_bsp.c...
compiling usbh_usr.c...
compiling ProductTest.c...
compiling misc.c...
compiling stm32f4xx_dac.c...
compiling stm32f4xx_dma.c...
compiling stm32f4xx_exti.c...
compiling stm32f4xx_gpio.c...
compiling stm32f4xx_i2c.c...
compiling stm32f4xx_rcc.c...
compiling stm32f4xx_spi.c...
compiling stm32f4xx_syscfg.c...
compiling stm32f4xx_tim.c...
compiling stm32f4xx_usart.c...
compiling fattime.c...
compiling ff.c...
compiling exfuns.c...
compiling diskio.c...
compiling mycc936.c...
compiling key.c...
compiling lcd.c...
compiling led.c...
compiling sd.c...
compiling codec.c...
compiling delay.c...
compiling sys.c...
compiling usart.c...
compiling bitstream.c...
compiling buffers.c...
compiling dct32.c...
compiling dequant.c...
compiling dqchan.c...
compiling huffman.c...
compiling hufftabs.c...
compiling imdct.c...
compiling mp3dec.c...
compiling mp3tabs.c...
compiling scalfact.c...
compiling stproc.c...
compiling subband.c...
compiling trigtabs.c...
assembling asmmisc.S...
assembling asmpoly_thumb2.S...
compiling mp3play.c...
compiling usb_core.c...
compiling usb_hcd.c...
compiling usb_hcd_int.c...
compiling usbh_core.c...
compiling usbh_hcs.c...
compiling usbh_ioreq.c...
compiling usbh_stdreq.c...
compiling usbh_msc_bot.c...
compiling usbh_msc_core.c...
compiling usbh_msc_scsi.c...
compiling os_core.c...
compiling os_flag.c...
compiling os_mbox.c...
compiling os_mem.c...
compiling os_mutex.c...
compiling os_q.c...
compiling os_sem.c...
compiling os_task.c...
compiling os_time.c...
compiling os_tmr.c...
assembling os_cpu_a.asm...
compiling os_cpu_c.c...
linking...
Program Size: Code=67680 RO-data=152468 RW-data=460 ZI-data=68192  
FromELF: creating hex file...
".\Output\Mp3_player.axf" - 0 Error(s), 0 Warning(s).
</pre>
</body>
</html>
