Product: MDK-ARM Professional 5.10
Component: ARM Compiler 5.04 update 1 (build 49)
Tool: armlink [5040049]

==============================================================================

Section Cross References

    startup_stm32f4xx.o(RESET) refers to startup_stm32f4xx.o(STACK) for __initial_sp
    startup_stm32f4xx.o(RESET) refers to startup_stm32f4xx.o(.text) for Reset_Handler
    startup_stm32f4xx.o(RESET) refers to stm32f4xx_it.o(i.NMI_Handler) for NMI_Handler
    startup_stm32f4xx.o(RESET) refers to stm32f4xx_it.o(i.HardFault_Handler) for HardFault_Handler
    startup_stm32f4xx.o(RESET) refers to stm32f4xx_it.o(i.MemManage_Handler) for MemManage_Handler
    startup_stm32f4xx.o(RESET) refers to stm32f4xx_it.o(i.BusFault_Handler) for BusFault_Handler
    startup_stm32f4xx.o(RESET) refers to stm32f4xx_it.o(i.UsageFault_Handler) for UsageFault_Handler
    startup_stm32f4xx.o(RESET) refers to stm32f4xx_it.o(i.SVC_Handler) for SVC_Handler
    startup_stm32f4xx.o(RESET) refers to stm32f4xx_it.o(i.DebugMon_Handler) for DebugMon_Handler
    startup_stm32f4xx.o(RESET) refers to os_cpu_a.o(.text) for PendSV_Handler
    startup_stm32f4xx.o(RESET) refers to delay.o(i.SysTick_Handler) for SysTick_Handler
    startup_stm32f4xx.o(RESET) refers to stm32f4xx_it.o(i.EXTI0_IRQHandler) for EXTI0_IRQHandler
    startup_stm32f4xx.o(RESET) refers to stm32f4xx_it.o(i.EXTI1_IRQHandler) for EXTI1_IRQHandler
    startup_stm32f4xx.o(RESET) refers to codec.o(i.DMA1_Stream0_IRQHandler) for DMA1_Stream0_IRQHandler
    startup_stm32f4xx.o(RESET) refers to stm32f4xx_it.o(i.TIM2_IRQHandler) for TIM2_IRQHandler
    startup_stm32f4xx.o(RESET) refers to stm32f4xx_it.o(i.TIM4_IRQHandler) for TIM4_IRQHandler
    startup_stm32f4xx.o(RESET) refers to usart.o(i.USART3_IRQHandler) for USART3_IRQHandler
    startup_stm32f4xx.o(RESET) refers to codec.o(i.DMA1_Stream7_IRQHandler) for DMA1_Stream7_IRQHandler
    startup_stm32f4xx.o(RESET) refers to codec.o(i.SPI3_IRQHandler) for SPI3_IRQHandler
    startup_stm32f4xx.o(RESET) refers to stm32f4xx_it.o(i.OTG_FS_IRQHandler) for OTG_FS_IRQHandler
    startup_stm32f4xx.o(.text) refers to system_stm32f4xx.o(i.SystemInit) for SystemInit
    startup_stm32f4xx.o(.text) refers to entry.o(.ARM.Collect$$$$00000000) for __main
    main.o(i.display_files_list) refers to malloc.o(i.malloc) for malloc
    main.o(i.display_files_list) refers to ff.o(i.f_opendir) for f_opendir
    main.o(i.display_files_list) refers to ff.o(i.f_readdir) for f_readdir
    main.o(i.display_files_list) refers to strstr.o(.text) for strstr
    main.o(i.display_files_list) refers to ff.o(i.dir_seek) for dir_seek
    main.o(i.display_files_list) refers to mp3play.o(i.get_file_curindex) for get_file_curindex
    main.o(i.display_files_list) refers to lcd.o(i.Show_Str) for Show_Str
    main.o(i.display_files_list) refers to lcd.o(i.LCD_ShowString) for LCD_ShowString
    main.o(i.display_files_list) refers to main.o(i.display_scrollbar) for display_scrollbar
    main.o(i.display_files_list) refers to main.o(i.list_ctrl) for list_ctrl
    main.o(i.display_files_list) refers to malloc.o(i.free) for free
    main.o(i.display_files_list) refers to exfuns.o(.bss) for dir
    main.o(i.display_files_list) refers to main.o(.data) for music_status
    main.o(i.display_scrollbar) refers to lcd.o(i.LCD_Fill) for LCD_Fill
    main.o(i.display_scrollbar) refers to lcd.o(i.LCD_DrawFillRectangle) for LCD_DrawFillRectangle
    main.o(i.display_time) refers to lcd.o(i.LCD_Fill) for LCD_Fill
    main.o(i.display_time) refers to lcd.o(i.LCD_ShowNum) for LCD_ShowNum
    main.o(i.display_time) refers to lcd.o(i.LCD_ShowString) for LCD_ShowString
    main.o(i.display_time) refers to main.o(.data) for cur_sec
    main.o(i.display_ui_end) refers to lcd.o(i.LCD_Clear) for LCD_Clear
    main.o(i.display_ui_end) refers to lcd.o(i.DrawPage) for DrawPage
    main.o(i.display_ui_end) refers to lcd.o(i.LCD_DrawRectangle) for LCD_DrawRectangle
    main.o(i.display_ui_end) refers to lcd.o(i.Show_Str) for Show_Str
    main.o(i.display_ui_start) refers to lcd.o(i.DrawPage) for DrawPage
    main.o(i.display_ui_start) refers to lcd.o(i.LCD_DrawRectangle) for LCD_DrawRectangle
    main.o(i.display_ui_start) refers to lcd.o(i.LCD_DrawLine) for LCD_DrawLine
    main.o(i.display_ui_start) refers to lcd.o(i.LCD_ShowString) for LCD_ShowString
    main.o(i.display_ui_start) refers to lcd.o(i.Gui_icon) for Gui_icon
    main.o(i.display_ui_start) refers to lcd.o(.data) for POINT_COLOR
    main.o(i.display_ui_start) refers to main.o(.constdata) for gImage_last
    main.o(i.led_task) refers to delay.o(i.delay_ms) for delay_ms
    main.o(i.led_task) refers to lcd.o(i.LCD_ShowNum) for LCD_ShowNum
    main.o(i.led_task) refers to main.o(i.display_time) for display_time
    main.o(i.led_task) refers to os_core.o(.data) for OSCPUUsage
    main.o(i.led_task) refers to main.o(.data) for music_status
    main.o(i.list_ctrl) refers to delay.o(i.delay_ms) for delay_ms
[...]
    TIM2_IRQHandler                          0x08006799   Thumb Code     8  stm32f4xx_it.o(i.TIM2_IRQHandler)
    TIM4_IRQHandler                          0x080067a1   Thumb Code    48  stm32f4xx_it.o(i.TIM4_IRQHandler)
    TIM_ARRPreloadConfig                     0x080067dd   Thumb Code    24  stm32f4xx_tim.o(i.TIM_ARRPreloadConfig)
    TIM_ClearITPendingBit                    0x080067f5   Thumb Code     6  stm32f4xx_tim.o(i.TIM_ClearITPendingBit)
    TIM_Cmd                                  0x080067fb   Thumb Code    24  stm32f4xx_tim.o(i.TIM_Cmd)
    TIM_GetCapture1                          0x08006813   Thumb Code     6  stm32f4xx_tim.o(i.TIM_GetCapture1)
    TIM_GetITStatus                          0x08006819   Thumb Code    34  stm32f4xx_tim.o(i.TIM_GetITStatus)
    TIM_ITConfig                             0x0800683b   Thumb Code    18  stm32f4xx_tim.o(i.TIM_ITConfig)
    TIM_SetCompare1                          0x0800684d   Thumb Code     4  stm32f4xx_tim.o(i.TIM_SetCompare1)
    TIM_TimeBaseInit                         0x08006851   Thumb Code   104  stm32f4xx_tim.o(i.TIM_TimeBaseInit)
    USART3_IRQHandler                        0x080068d5   Thumb Code   162  usart.o(i.USART3_IRQHandler)
    USART_ClearFlag                          0x0800698d   Thumb Code    18  stm32f4xx_usart.o(i.USART_ClearFlag)
    USART_Cmd                                0x0800699f   Thumb Code    24  stm32f4xx_usart.o(i.USART_Cmd)
    USART_GetITStatus                        0x080069b7   Thumb Code    84  stm32f4xx_usart.o(i.USART_GetITStatus)
    USART_ITConfig                           0x08006a0b   Thumb Code    74  stm32f4xx_usart.o(i.USART_ITConfig)
    USART_Init                               0x08006a55   Thumb Code   204  stm32f4xx_usart.o(i.USART_Init)
    USART_ReceiveData                        0x08006b29   Thumb Code    10  stm32f4xx_usart.o(i.USART_ReceiveData)
    USBH_Alloc_Channel                       0x08006b33   Thumb Code    38  usbh_hcs.o(i.USBH_Alloc_Channel)
    USBH_BulkReceiveData                     0x08006b59   Thumb Code    96  usbh_ioreq.o(i.USBH_BulkReceiveData)
    USBH_BulkSendData                        0x08006bb9   Thumb Code    94  usbh_ioreq.o(i.USBH_BulkSendData)
    USBH_ClrFeature                          0x08006c17   Thumb Code    76  usbh_stdreq.o(i.USBH_ClrFeature)
    USBH_Connect                             0x08006c63   Thumb Code    20  usbh_core.o(i.USBH_Connect)
    USBH_CtlReceiveData                      0x08006c77   Thumb Code    70  usbh_ioreq.o(i.USBH_CtlReceiveData)
    USBH_CtlReq                              0x08006cbd   Thumb Code   112  usbh_ioreq.o(i.USBH_CtlReq)
    USBH_CtlSendData                         0x08006d2d   Thumb Code   110  usbh_ioreq.o(i.USBH_CtlSendData)
    USBH_CtlSendSetup                        0x08006d9b   Thumb Code    66  usbh_ioreq.o(i.USBH_CtlSendSetup)
    USBH_DeAllocate_AllChannel               0x08006ddd   Thumb Code    28  usbh_hcs.o(i.USBH_DeAllocate_AllChannel)
    USBH_DeInit                              0x08006df9   Thumb Code    58  usbh_core.o(i.USBH_DeInit)
    USBH_Disconnect                          0x08006e33   Thumb Code    20  usbh_core.o(i.USBH_Disconnect)
    USBH_ErrorHandle                         0x08006e47   Thumb Code    46  usbh_core.o(i.USBH_ErrorHandle)
    USBH_Free_Channel                        0x08006e75   Thumb Code    30  usbh_hcs.o(i.USBH_Free_Channel)
    USBH_GetDescriptor                       0x08006e93   Thumb Code    68  usbh_stdreq.o(i.USBH_GetDescriptor)
    USBH_Get_CfgDesc                         0x08006f11   Thumb Code    64  usbh_stdreq.o(i.USBH_Get_CfgDesc)
    USBH_Get_DevDesc                         0x08006f51   Thumb Code    56  usbh_stdreq.o(i.USBH_Get_DevDesc)
    USBH_Get_StringDesc                      0x08006f89   Thumb Code    60  usbh_stdreq.o(i.USBH_Get_StringDesc)
    USBH_HandleControl                       0x08006fc5   Thumb Code   546  usbh_core.o(i.USBH_HandleControl)
    USBH_Init                                0x080073c5   Thumb Code    88  usbh_core.o(i.USBH_Init)
    USBH_MSC_BOT_Abort                       0x08007445   Thumb Code    86  usbh_msc_bot.o(i.USBH_MSC_BOT_Abort)
    USBH_MSC_DecodeCSW                       0x080074b9   Thumb Code   108  usbh_msc_bot.o(i.USBH_MSC_DecodeCSW)
    USBH_MSC_ErrorHandle                     0x08007539   Thumb Code    58  usbh_msc_core.o(i.USBH_MSC_ErrorHandle)
    USBH_MSC_HandleBOTXfer                   0x08007751   Thumb Code   730  usbh_msc_bot.o(i.USBH_MSC_HandleBOTXfer)
    USBH_MSC_Init                            0x08007a4d   Thumb Code    44  usbh_msc_bot.o(i.USBH_MSC_Init)
    USBH_MSC_ModeSense6                      0x08007bad   Thumb Code   192  usbh_msc_scsi.o(i.USBH_MSC_ModeSense6)
    USBH_MSC_Read10                          0x08007c7d   Thumb Code   242  usbh_msc_scsi.o(i.USBH_MSC_Read10)
    USBH_MSC_ReadCapacity10                  0x08007d7d   Thumb Code   202  usbh_msc_scsi.o(i.USBH_MSC_ReadCapacity10)
    USBH_MSC_RequestSense                    0x08007e59   Thumb Code   208  usbh_msc_scsi.o(i.USBH_MSC_RequestSense)
    USBH_MSC_TestUnitReady                   0x08007f39   Thumb Code   162  usbh_msc_scsi.o(i.USBH_MSC_TestUnitReady)
    USBH_MSC_Write10                         0x08007fe9   Thumb Code   218  usbh_msc_scsi.o(i.USBH_MSC_Write10)
    USBH_Modify_Channel                      0x080080cd   Thumb Code   100  usbh_hcs.o(i.USBH_Modify_Channel)
    USBH_OTG_ISR_Handler                     0x08008131   Thumb Code   168  usb_hcd_int.o(i.USBH_OTG_ISR_Handler)
    USBH_Open_Channel                        0x080081d9   Thumb Code   154  usbh_hcs.o(i.USBH_Open_Channel)
    USBH_Process                             0x08008421   Thumb Code   430  usbh_core.o(i.USBH_Process)
    USBH_SetAddress                          0x080085cf   Thumb Code    38  usbh_stdreq.o(i.USBH_SetAddress)
    USBH_SetCfg                              0x080085f5   Thumb Code    38  usbh_stdreq.o(i.USBH_SetCfg)
    USBH_USR_Configuration_DescAvailable     0x08008633   Thumb Code     2  usbh_usr.o(i.USBH_USR_Configuration_DescAvailable)
    USBH_USR_DeInit                          0x08008635   Thumb Code     8  usbh_usr.o(i.USBH_USR_DeInit)
    USBH_USR_DeviceAddressAssigned           0x08008641   Thumb Code     2  usbh_usr.o(i.USBH_USR_DeviceAddressAssigned)
    USBH_USR_DeviceAttached                  0x08008645   Thumb Code    26  usbh_usr.o(i.USBH_USR_DeviceAttached)
    USBH_USR_DeviceDisconnected              0x0800866d   Thumb Code    62  usbh_usr.o(i.USBH_USR_DeviceDisconnected)
    USBH_USR_DeviceNotSupported              0x080086c1   Thumb Code     2  usbh_usr.o(i.USBH_USR_DeviceNotSupported)
    USBH_USR_DeviceSpeedDetected             0x080086c3   Thumb Code     2  usbh_usr.o(i.USBH_USR_DeviceSpeedDetected)
    USBH_USR_Device_DescAvailable            0x080086c5   Thumb Code     2  usbh_usr.o(i.USBH_USR_Device_DescAvailable)
    USBH_USR_EnumerationDone                 0x080086c7   Thumb Code    16  usbh_usr.o(i.USBH_USR_EnumerationDone)
    USBH_USR_Init                            0x080086d7   Thumb Code     2  usbh_usr.o(i.USBH_USR_Init)
    USBH_USR_MSC_Application                 0x080086d9   Thumb Code    86  usbh_usr.o(i.USBH_USR_MSC_Application)
    USBH_USR_Manufacturer_String             0x0800874d   Thumb Code     2  usbh_usr.o(i.USBH_USR_Manufacturer_String)
    USBH_USR_OverCurrentDetected             0x0800874f   Thumb Code     2  usbh_usr.o(i.USBH_USR_OverCurrentDetected)
    USBH_USR_Product_String                  0x08008751   Thumb Code     2  usbh_usr.o(i.USBH_USR_Product_String)
    USBH_USR_ResetDevice                     0x08008753   Thumb Code     2  usbh_usr.o(i.USBH_USR_ResetDevice)
    USBH_USR_SerialNum_String                0x08008755   Thumb Code     2  usbh_usr.o(i.USBH_USR_SerialNum_String)
    USBH_USR_UnrecoveredError                0x08008757   Thumb Code     2  usbh_usr.o(i.USBH_USR_UnrecoveredError)
    USBH_USR_UserInput                       0x08008759   Thumb Code     4  usbh_usr.o(i.USBH_USR_UserInput)
    USB_OTG_BSP_ConfigVBUS                   0x0800875d   Thumb Code    62  usb_bsp.o(i.USB_OTG_BSP_ConfigVBUS)
    USB_OTG_BSP_DriveVBUS                    0x080087a1   Thumb Code    28  usb_bsp.o(i.USB_OTG_BSP_DriveVBUS)
    USB_OTG_BSP_EnableInterrupt              0x080087c1   Thumb Code    70  usb_bsp.o(i.USB_OTG_BSP_EnableInterrupt)
    USB_OTG_BSP_Init                         0x08008809   Thumb Code   140  usb_bsp.o(i.USB_OTG_BSP_Init)
    USB_OTG_BSP_TimerIRQ                     0x080088d5   Thumb Code    50  usb_bsp.o(i.USB_OTG_BSP_TimerIRQ)
    USB_OTG_BSP_mDelay                       0x0800890d   Thumb Code    14  usb_bsp.o(i.USB_OTG_BSP_mDelay)
    USB_OTG_BSP_uDelay                       0x0800891b   Thumb Code    14  usb_bsp.o(i.USB_OTG_BSP_uDelay)
    USB_OTG_CoreInit                         0x08008929   Thumb Code   462  usb_core.o(i.USB_OTG_CoreInit)
    USB_OTG_CoreInitHost                     0x08008af7   Thumb Code   194  usb_core.o(i.USB_OTG_CoreInitHost)
    USB_OTG_DisableGlobalInt                 0x08008c29   Thumb Code    34  usb_core.o(i.USB_OTG_DisableGlobalInt)
    USB_OTG_DriveVbus                        0x08008c4b   Thumb Code    92  usb_core.o(i.USB_OTG_DriveVbus)
    USB_OTG_EnableGlobalInt                  0x08008cd7   Thumb Code    34  usb_core.o(i.USB_OTG_EnableGlobalInt)
    USB_OTG_EnableHostInt                    0x08008cf9   Thumb Code   116  usb_core.o(i.USB_OTG_EnableHostInt)
    USB_OTG_FlushRxFifo                      0x08008d6d   Thumb Code    70  usb_core.o(i.USB_OTG_FlushRxFifo)
    USB_OTG_FlushTxFifo                      0x08008db9   Thumb Code    80  usb_core.o(i.USB_OTG_FlushTxFifo)
    USB_OTG_GetMode                          0x08008e0d   Thumb Code    12  usb_core.o(i.USB_OTG_GetMode)
    USB_OTG_HC_DoPing                        0x08008e19   Thumb Code    90  usb_core.o(i.USB_OTG_HC_DoPing)
    USB_OTG_HC_Halt                          0x08008e73   Thumb Code   126  usb_core.o(i.USB_OTG_HC_Halt)
    USB_OTG_HC_Init                          0x08008ef1   Thumb Code   568  usb_core.o(i.USB_OTG_HC_Init)
    USB_OTG_HC_StartXfer                     0x08009129   Thumb Code   502  usb_core.o(i.USB_OTG_HC_StartXfer)
    USB_OTG_InitFSLSPClkSel                  0x0800931f   Thumb Code    24  usb_core.o(i.USB_OTG_InitFSLSPClkSel)
    USB_OTG_IsEvenFrame                      0x08009337   Thumb Code    16  usb_core.o(i.USB_OTG_IsEvenFrame)
    USB_OTG_IsHostMode                       0x08009347   Thumb Code    20  usb_core.o(i.USB_OTG_IsHostMode)
    USB_OTG_ReadCoreItr                      0x0800935b   Thumb Code    16  usb_core.o(i.USB_OTG_ReadCoreItr)
    USB_OTG_ReadHPRT0                        0x0800936b   Thumb Code    48  usb_core.o(i.USB_OTG_ReadHPRT0)
    USB_OTG_ReadHostAllChannels_intr         0x0800939b   Thumb Code     8  usb_core.o(i.USB_OTG_ReadHostAllChannels_intr)
    USB_OTG_ReadPacket                       0x080093a3   Thumb Code    40  usb_core.o(i.USB_OTG_ReadPacket)
    USB_OTG_ResetPort                        0x080093cb   Thumb Code    64  usb_core.o(i.USB_OTG_ResetPort)
    USB_OTG_SelectCore                       0x0800940d   Thumb Code   204  usb_core.o(i.USB_OTG_SelectCore)
    USB_OTG_SetCurrentMode                   0x080094dd   Thumb Code    78  usb_core.o(i.USB_OTG_SetCurrentMode)
    USB_OTG_WritePacket                      0x0800a297   Thumb Code    64  usb_core.o(i.USB_OTG_WritePacket)
    UsageFault_Handler                       0x0800a73d   Thumb Code     4  stm32f4xx_it.o(i.UsageFault_Handler)
    __0printf$bare                           0x0800a895   Thumb Code     8  printfb.o(i.__0printf$bare)
    __1printf$bare                           0x0800a895   Thumb Code     0  printfb.o(i.__0printf$bare)
    __2printf                                0x0800a895   Thumb Code     0  printfb.o(i.__0printf$bare)
    __scatterload_copy                       0x0800a8a5   Thumb Code    14  handlers.o(i.__scatterload_copy)
    __scatterload_null                       0x0800a8b3   Thumb Code     2  handlers.o(i.__scatterload_null)
    __scatterload_zeroinit                   0x0800a8b5   Thumb Code    14  handlers.o(i.__scatterload_zeroinit)
    _draw_circle_8                           0x0800a8c3   Thumb Code   132  lcd.o(i._draw_circle_8)
    chk_mounted                              0x0800aa0d   Thumb Code   776  ff.o(i.chk_mounted)
    clust2sect                               0x0800ad25   Thumb Code    26  ff.o(i.clust2sect)
    delay_init                               0x0800b0f1   Thumb Code    76  delay.o(i.delay_init)
    delay_ms                                 0x0800b145   Thumb Code    68  delay.o(i.delay_ms)
    delay_us                                 0x0800b195   Thumb Code    86  delay.o(i.delay_us)
    dir_seek                                 0x0800b65b   Thumb Code   220  ff.o(i.dir_seek)
    disk_initialize                          0x0800b739   Thumb Code    74  diskio.o(i.disk_initialize)
    disk_ioctl                               0x0800b78d   Thumb Code   178  diskio.o(i.disk_ioctl)
    disk_read                                0x0800b84d   Thumb Code   176  diskio.o(i.disk_read)
    disk_status                              0x0800b909   Thumb Code    32  diskio.o(i.disk_status)
    disk_write                               0x0800b92d   Thumb Code   170  diskio.o(i.disk_write)
    display_files_list                       0x0800b9e5   Thumb Code   396  main.o(i.display_files_list)
    display_scrollbar                        0x0800bb85   Thumb Code    66  main.o(i.display_scrollbar)
    display_time                             0x0800bbc9   Thumb Code   150  main.o(i.display_time)
    display_ui_end                           0x0800bc6d   Thumb Code   186  main.o(i.display_ui_end)
    display_ui_start                         0x0800bdd1   Thumb Code   246  main.o(i.display_ui_start)
    exf_getfree                              0x0800bf0d   Thumb Code   102  exfuns.o(i.exf_getfree)
    f_getfree                                0x0800bf73   Thumb Code   278  ff.o(i.f_getfree)
    f_mount                                  0x0800c089   Thumb Code    38  ff.o(i.f_mount)
    f_open                                   0x0800c0b5   Thumb Code   408  ff.o(i.f_open)
    f_opendir                                0x0800c24d   Thumb Code   112  ff.o(i.f_opendir)
    f_read                                   0x0800c2bd   Thumb Code   508  ff.o(i.f_read)
    f_readdir                                0x0800c4b9   Thumb Code   100  ff.o(i.f_readdir)
    ff_convert                               0x0800c51d   Thumb Code    10  mycc936.o(i.ff_convert)
    ff_wtoupper                              0x0800c529   Thumb Code    46  mycc936.o(i.ff_wtoupper)
    fputc                                    0x0800c67d   Thumb Code    24  usart.o(i.fputc)
    free                                     0x0800c699   Thumb Code    76  malloc.o(i.free)
    gen_numname                              0x0800c6e9   Thumb Code   166  ff.o(i.gen_numname)
    get_TF_free                              0x0800c791   Thumb Code   116  sd.o(i.get_TF_free)
    get_USB_free                             0x0800c841   Thumb Code   116  sd.o(i.get_USB_free)
    get_fat                                  0x0800c8f1   Thumb Code   342  ff.o(i.get_fat)
    get_fattime                              0x0800ca47   Thumb Code     4  fattime.o(i.get_fattime)
    get_file_curindex                        0x0800ca4d   Thumb Code     6  mp3play.o(i.get_file_curindex)
    gui_circle                               0x0800cb91   Thumb Code   154  lcd.o(i.gui_circle)
    key_test                                 0x0800cefd   Thumb Code   510  producttest.o(i.key_test)
    lcd_test                                 0x0800d10d   Thumb Code   812  producttest.o(i.lcd_test)
    led_task                                 0x0800d455   Thumb Code    58  main.o(i.led_task)
    led_test                                 0x0800d49d   Thumb Code   792  producttest.o(i.led_test)
    list_ctrl                                0x0800d7d1   Thumb Code   200  main.o(i.list_ctrl)
    main                                     0x0800d8a5   Thumb Code   258  main.o(i.main)
    malloc                                   0x0800d9fd   Thumb Code    92  malloc.o(i.malloc)
    music_ctrl                               0x0800db31   Thumb Code   284  mp3play.o(i.music_ctrl)
    mypow                                    0x0800dc61   Thumb Code    22  lcd.o(i.mypow)
    put_fat                                  0x0800dced   Thumb Code   398  ff.o(i.put_fat)
    reset_time                               0x0800dee5   Thumb Code    46  main.o(i.reset_time)
    start_task                               0x0800df1d   Thumb Code    86  main.o(i.start_task)
    test_task                                0x0800dfb5   Thumb Code    48  main.o(i.test_task)
    tf_task                                  0x0800dfe5   Thumb Code   120  main.o(i.tf_task)
    uart_init                                0x0800e071   Thumb Code   172  usart.o(i.uart_init)
    ui_task                                  0x0800e125   Thumb Code   156  main.o(i.ui_task)
    usart_ctrl_music                         0x0800e20d   Thumb Code   326  usart.o(i.usart_ctrl_music)
    usart_test                               0x0800e3d5   Thumb Code   234  producttest.o(i.usart_test)
    usb_task                                 0x0800e5a1   Thumb Code    40  main.o(i.usb_task)
    xmp3_AllocateBuffers                     0x0800e609   Thumb Code   116  buffers.o(i.xmp3_AllocateBuffers)
    xmp3_CalcBitsUsed                        0x0800e69d   Thumb Code    18  bitstream.o(i.xmp3_CalcBitsUsed)
    xmp3_CheckPadBit                         0x0800e6af   Thumb Code    28  bitstream.o(i.xmp3_CheckPadBit)
    xmp3_DecodeHuffman                       0x0800e6cb   Thumb Code   538  huffman.o(i.xmp3_DecodeHuffman)
    xmp3_DequantChannel                      0x0800e8e5   Thumb Code   626  dqchan.o(i.xmp3_DequantChannel)
    xmp3_Dequantize                          0x0800eb5d   Thumb Code   640  dequant.o(i.xmp3_Dequantize)
    xmp3_FDCT32                              0x0800ede1   Thumb Code  3372  dct32.o(i.xmp3_FDCT32)
    xmp3_GetBits                             0x0800fb0d   Thumb Code    80  bitstream.o(i.xmp3_GetBits)
    xmp3_IMDCT                               0x0800fb5d   Thumb Code   506  imdct.o(i.xmp3_IMDCT)
    xmp3_IntensityProcMPEG1                  0x0800fd59   Thumb Code   744  stproc.o(i.xmp3_IntensityProcMPEG1)
    xmp3_IntensityProcMPEG2                  0x08010049   Thumb Code   706  stproc.o(i.xmp3_IntensityProcMPEG2)
    xmp3_MidSideProc                         0x08010315   Thumb Code   106  stproc.o(i.xmp3_MidSideProc)
    xmp3_SetBitstreamPointer                 0x0801037f   Thumb Code    12  bitstream.o(i.xmp3_SetBitstreamPointer)
    xmp3_Subband                             0x0801038d   Thumb Code   272  subband.o(i.xmp3_Subband)
    xmp3_UnpackFrameHeader                   0x080104a1   Thumb Code   476  bitstream.o(i.xmp3_UnpackFrameHeader)
    xmp3_UnpackScaleFactors                  0x08010695   Thumb Code   296  scalfact.o(i.xmp3_UnpackScaleFactors)
    xmp3_UnpackSideInfo                      0x080107bd   Thumb Code   556  bitstream.o(i.xmp3_UnpackSideInfo)
    gImage_pause                             0x080109e8   Data        1152  main.o(.constdata)
    gImage_play                              0x08010e68   Data        1152  main.o(.constdata)
    gImage_last                              0x080112e8   Data        1152  main.o(.constdata)
    gImage_next                              0x08011768   Data        1152  main.o(.constdata)
    asc2_1206                                0x08012006   Data        1140  lcd.o(.constdata)
    asc2_1608                                0x0801247a   Data        1520  lcd.o(.constdata)
    tfont16                                  0x08012a6a   Data       128282  lcd.o(.constdata)
    tfont24                                  0x08031f84   Data         962  lcd.o(.constdata)
    tfont32                                  0x08032346   Data         780  lcd.o(.constdata)
    xmp3_huffTable                           0x08032964   Data        8484  hufftabs.o(.constdata)
    xmp3_huffTabOffset                       0x08034a88   Data         128  hufftabs.o(.constdata)
    xmp3_huffTabLookup                       0x08034b08   Data         256  hufftabs.o(.constdata)
    xmp3_quadTable                           0x08034c08   Data          80  hufftabs.o(.constdata)
    xmp3_quadTabOffset                       0x08034c58   Data           8  hufftabs.o(.constdata)
    xmp3_quadTabMaxBits                      0x08034c60   Data           8  hufftabs.o(.constdata)
    xmp3_samplerateTab                       0x08034ce0   Data          36  mp3tabs.o(.constdata)
    xmp3_bitrateTab                          0x08034d04   Data         270  mp3tabs.o(.constdata)
    xmp3_samplesPerFrameTab                  0x08034e12   Data          18  mp3tabs.o(.constdata)
    xmp3_bitsPerSlotTab                      0x08034e24   Data           6  mp3tabs.o(.constdata)
    xmp3_sideBytesTab                        0x08034e2a   Data          12  mp3tabs.o(.constdata)
    xmp3_slotTab                             0x08034e36   Data         270  mp3tabs.o(.constdata)
    xmp3_sfBandTable                         0x08034f44   Data         666  mp3tabs.o(.constdata)
    xmp3_imdctWin                            0x08035248   Data         576  trigtabs.o(.constdata)
    xmp3_ISFMpeg1                            0x08035488   Data          56  trigtabs.o(.constdata)
    xmp3_ISFMpeg2                            0x080354c0   Data         256  trigtabs.o(.constdata)
    xmp3_ISFIIP                              0x080355c0   Data          16  trigtabs.o(.constdata)
    xmp3_uniqueIDTab                         0x080355d0   Data           8  trigtabs.o(.constdata)
    xmp3_csa                                 0x080355d8   Data          64  trigtabs.o(.constdata)
    xmp3_coef32                              0x08035618   Data         124  trigtabs.o(.constdata)
    xmp3_polyCoef                            0x08035694   Data        1056  trigtabs.o(.constdata)
    OSUnMapTbl                               0x08035ab4   Data         256  os_core.o(.constdata)
    Region$$Table$$Base                      0x08035bb4   Number         0  anon$$obj.o(Region$$Table)
    Region$$Table$$Limit                     0x08035bf4   Number         0  anon$$obj.o(Region$$Table)
    mount_flage                              0x10000000   Data           1  main.o(.data)
    music_status                             0x10000001   Data           1  main.o(.data)
    cur_min                                  0x10000002   Data           1  main.o(.data)
    cur_sec                                  0x10000003   Data           1  main.o(.data)
    pause                                    0x10000004   Data           1  main.o(.data)
    RepeatState                              0x10000005   Data           1  main.o(.data)
    SystemCoreClock                          0x10000008   Data           4  system_stm32f4xx.o(.data)
    AHBPrescTable                            0x1000000c   Data          16  system_stm32f4xx.o(.data)
    Command_index                            0x1000001c   Data           1  usbh_usr.o(.data)
    USR_Callbacks                            0x10000020   Data          72  usbh_usr.o(.data)
    joystick_use                             0x10000068   Data           1  usbh_usr.o(.data)
    lcdLineNo                                0x10000069   Data           1  usbh_usr.o(.data)
    key                                      0x1000006b   Data           1  producttest.o(.data)
    POINT_COLOR                              0x10000078   Data           2  lcd.o(.data)
    BACK_COLOR                               0x1000007a   Data           2  lcd.o(.data)
    DeviceCode                               0x1000007c   Data           2  lcd.o(.data)
    SD_Type                                  0x10000080   Data           1  sd.o(.data)
    total                                    0x10000084   Data           4  sd.o(.data)
    free1                                    0x10000088   Data           4  sd.o(.data)
    AudioTotalSize                           0x1000008c   Data           4  codec.o(.data)
    AudioRemSize                             0x10000090   Data           4  codec.o(.data)
    CurrentPos                               0x10000094   Data           4  codec.o(.data)
    CODECTimeout                             0x10000098   Data           4  codec.o(.data)
    OutputDev                                0x1000009c   Data           1  codec.o(.data)
    CurrAudioInterface                       0x100000a0   Data           4  codec.o(.data)
    AUDIO_MAL_DMA_CLOCK                      0x100000a4   Data           4  codec.o(.data)
    AUDIO_MAL_DMA_STREAM                     0x100000a8   Data           4  codec.o(.data)
    AUDIO_MAL_DMA_DREG                       0x100000ac   Data           4  codec.o(.data)
    AUDIO_MAL_DMA_CHANNEL                    0x100000b0   Data           4  codec.o(.data)
    AUDIO_MAL_DMA_IRQ                        0x100000b4   Data           4  codec.o(.data)
    AUDIO_MAL_DMA_FLAG_TC                    0x100000b8   Data           4  codec.o(.data)
    AUDIO_MAL_DMA_FLAG_HT                    0x100000bc   Data           4  codec.o(.data)
    AUDIO_MAL_DMA_FLAG_FE                    0x100000c0   Data           4  codec.o(.data)
    AUDIO_MAL_DMA_FLAG_TE                    0x100000c4   Data           4  codec.o(.data)
    AUDIO_MAL_DMA_FLAG_DME                   0x100000c8   Data           4  codec.o(.data)
    USBH_DeviceConnStatus_cb                 0x100000d0   Data          12  usbh_core.o(.data)
    MSC_Setup                                0x100000e0   Data           8  usbh_msc_core.o(.data)
    MSCErrorCount                            0x100000e8   Data           1  usbh_msc_core.o(.data)
    USBH_MSC_cb                              0x100000ec   Data          16  usbh_msc_core.o(.data)
    __microlib_freelist                      0x10000100   Data           4  mvars.o(.data)
    DMA_InitStructure                        0x10000104   Data          60  codec.o(.bss)
    AUDIO_MAL_DMA_InitStructure              0x10000140   Data          60  codec.o(.bss)
    USART_RX_BUF                             0x1000017c   Data          30  usart.o(.bss)
    USART_RX_TEMP                            0x1000019a   Data          30  usart.o(.bss)
    MSC_Machine                              0x100001b8   Data          74  usbh_msc_core.o(.bss)
    USBH_MSC_Param                           0x10000204   Data          16  usbh_msc_scsi.o(.bss)
    USBH_DataInBuffer                        0x10000214   Data         512  usbh_msc_scsi.o(.bss)
    USBH_DataOutBuffer                       0x10000414   Data         512  usbh_msc_scsi.o(.bss)
    PauseResumeStatus                        0x20000000   Data           1  stm32f4xx_it.o(.data)
    Count                                    0x20000001   Data           1  stm32f4xx_it.o(.data)
    LED_Toggle                               0x20000002   Data           1  stm32f4xx_it.o(.data)
    capture                                  0x20000004   Data           2  stm32f4xx_it.o(.data)
    CCR_Val                                  0x20000006   Data           2  stm32f4xx_it.o(.data)
    Time_Rec_Base                            0x20000008   Data           2  stm32f4xx_it.o(.data)
    HSEStartUpStatus                         0x2000000c   Data           1  usb_bsp.o(.data)
    BSP_delay                                0x20000010   Data           4  usb_bsp.o(.data)
    __stdout                                 0x20000028   Data           4  usart.o(.data)
    USART_RX_STA                             0x2000002c   Data           2  usart.o(.data)
    buffer_switch                            0x20000030   Data           1  mp3play.o(.data)
    hMP3Decoder                              0x20000034   Data           4  mp3play.o(.data)
    bytesLeft                                0x20000038   Data           4  mp3play.o(.data)
    readPtr                                  0x2000003c   Data           4  mp3play.o(.data)
    offset                                   0x20000040   Data           4  mp3play.o(.data)
    Decbuf                                   0x20000044   Data           4  mp3play.o(.data)
    init                                     0x20000048   Data           1  mp3play.o(.data)
    music_mode                               0x20000049   Data           1  mp3play.o(.data)
    music_curindex                           0x2000004a   Data           1  mp3play.o(.data)
    XferCplt                                 0x2000004c   Data           4  mp3play.o(.data)
    volume                                   0x20000050   Data           1  mp3play.o(.data)
    AudioPlayStart                           0x20000051   Data           1  mp3play.o(.data)
    Mp3Counter                               0x20000054   Data           4  mp3play.o(.data)
    Buffer                                   0x20000058   Data           6  mp3play.o(.data)
    Mp3DataLength                            0x20000060   Data           4  mp3play.o(.data)
    OSCtxSwCtr                               0x20000078   Data           4  os_core.o(.data)
    OSEventFreeList                          0x2000007c   Data           4  os_core.o(.data)
    OSFlagFreeList                           0x20000080   Data           4  os_core.o(.data)
    OSCPUUsage                               0x20000084   Data           1  os_core.o(.data)
    OSIdleCtrMax                             0x20000088   Data           4  os_core.o(.data)
    OSIdleCtrRun                             0x2000008c   Data           4  os_core.o(.data)
    OSStatRdy                                0x20000090   Data           1  os_core.o(.data)
    OSIntNesting                             0x20000091   Data           1  os_core.o(.data)
    OSLockNesting                            0x20000092   Data           1  os_core.o(.data)
    OSPrioCur                                0x20000093   Data           1  os_core.o(.data)
    OSPrioHighRdy                            0x20000094   Data           1  os_core.o(.data)
    OSRdyGrp                                 0x20000095   Data           1  os_core.o(.data)
    OSRdyTbl                                 0x20000096   Data           8  os_core.o(.data)
    OSRunning                                0x2000009e   Data           1  os_core.o(.data)
    OSTaskCtr                                0x2000009f   Data           1  os_core.o(.data)
    OSIdleCtr                                0x200000a0   Data           4  os_core.o(.data)
    OSTCBCur                                 0x200000a4   Data           4  os_core.o(.data)
    OSTCBFreeList                            0x200000a8   Data           4  os_core.o(.data)
    OSTCBHighRdy                             0x200000ac   Data           4  os_core.o(.data)
    OSTCBList                                0x200000b0   Data           4  os_core.o(.data)
    OSTickStepState                          0x200000b4   Data           1  os_core.o(.data)
    OSQFreeList                              0x200000b8   Data           4  os_core.o(.data)
    OSTime                                   0x200000bc   Data           4  os_core.o(.data)
    __microlib_freelist_initialised          0x200000c4   Data           4  mvars.o(.data)
    my_fs                                    0x200000c8   Data        2096  main.o(.bss)
    my_file                                  0x200008f8   Data        2084  main.o(.bss)
    USB_OTG_Core                             0x2000111c   Data        1200  main.o(.bss)
    USB_Host                                 0x200015cc   Data         132  main.o(.bss)
    START_TASK_STK                           0x20001650   Data         256  main.o(.bss)
    USB_TASK_STK                             0x20001750   Data        2048  main.o(.bss)
    TF_TASK_STK                              0x20001f50   Data        2048  main.o(.bss)
    UI_TASK_STK                              0x20002750   Data        2048  main.o(.bss)
    LED_TASK_STK                             0x20002f50   Data         256  main.o(.bss)
    TEST_TASK_STK                            0x20003050   Data        2048  main.o(.bss)
    fatfs                                    0x20003850   Data        2096  usbh_usr.o(.bss)
    files                                    0x20004080   Data        2084  usbh_usr.o(.bss)
    fileR                                    0x200048a4   Data        2084  usbh_usr.o(.bss)
    dirs                                     0x200050c8   Data          36  usbh_usr.o(.bss)
    fno                                      0x200050ec   Data          32  usbh_usr.o(.bss)
    fileinfo                                 0x2000510c   Data          32  exfuns.o(.bss)
    dir                                      0x2000512c   Data          36  exfuns.o(.bss)
    my_files                                 0x20005150   Data        2084  exfuns.o(.bss)
    lcddev                                   0x20005974   Data          14  lcd.o(.bss)
    mp3DecInfo                               0x20005984   Data        2032  buffers.o(.bss)
    sbi                                      0x20006174   Data        8708  buffers.o(.bss)
    mi                                       0x20008378   Data        6944  buffers.o(.bss)
    hi                                       0x20009e98   Data        4624  buffers.o(.bss)
    di                                       0x2000b0a8   Data         840  buffers.o(.bss)
    sfi                                      0x2000b3f0   Data         284  buffers.o(.bss)
    si                                       0x2000b50c   Data         328  buffers.o(.bss)
    fh                                       0x2000b654   Data          56  buffers.o(.bss)
    buff                                     0x2000b68c   Data          12  mp3play.o(.bss)
    mp3FrameInfo                             0x2000b698   Data          28  mp3play.o(.bss)
    readBuf                                  0x2000b6b4   Data        4000  mp3play.o(.bss)
    buffer1                                  0x2000c654   Data        4608  mp3play.o(.bss)
    buffer2                                  0x2000d854   Data        4608  mp3play.o(.bss)
    USBH_MSC_CBWData                         0x2000ea54   Data          32  usbh_msc_bot.o(.bss)
    USBH_MSC_CSWData                         0x2000ea74   Data          16  usbh_msc_bot.o(.bss)
    USBH_MSC_BOTXferParam                    0x2000ea84   Data          16  usbh_msc_bot.o(.bss)
    OSEventTbl                               0x2000ea94   Data         200  os_core.o(.bss)
    OSFlagTbl                                0x2000eb5c   Data          80  os_core.o(.bss)
    OSTaskStatStk                            0x2000ebac   Data         512  os_core.o(.bss)
    OSTaskIdleStk                            0x2000edac   Data         512  os_core.o(.bss)
    OSTCBPrioTbl                             0x2000efac   Data         256  os_core.o(.bss)
    OSTCBTbl                                 0x2000f0ac   Data        1008  os_core.o(.bss)
    OSQTbl                                   0x2000f49c   Data         120  os_core.o(.bss)
    __heap_base                              0x2000f518   Data           0  startup_stm32f4xx.o(HEAP)
    __heap_limit                             0x2000f618   Data           0  startup_stm32f4xx.o(HEAP)
    __initial_sp                             0x20010618   Data           0  startup_stm32f4xx.o(STACK)



==============================================================================

Memory Map of the image

  Image Entry point : 0x08000189

  Load Region LR_IROM1 (Base: 0x08000000, Size: 0x00035dc0, Max: 0x00100000, ABSOLUTE)

    Execution Region ER_IROM1 (Base: 0x08000000, Size: 0x00035bf4, Max: 0x00100000, ABSOLUTE)

    Base Addr    Size         Type   Attr      Idx    E Section Name        Object

    0x08000000   0x00000188   Data   RO            3    RESET               startup_stm32f4xx.o
    0x08000188   0x00000000   Code   RO         5760  * .ARM.Collect$$$$00000000  mc_w.l(entry.o)
    0x08000188   0x00000004   Code   RO         6078    .ARM.Collect$$$$00000001  mc_w.l(entry2.o)
    0x0800018c   0x00000004   Code   RO         6081    .ARM.Collect$$$$00000004  mc_w.l(entry5.o)
    0x08000190   0x00000000   Code   RO         6083    .ARM.Collect$$$$00000008  mc_w.l(entry7b.o)
    0x08000190   0x00000000   Code   RO         6085    .ARM.Collect$$$$0000000A  mc_w.l(entry8b.o)
    0x08000190   0x00000008   Code   RO         6086    .ARM.Collect$$$$0000000B  mc_w.l(entry9a.o)
    0x08000198   0x00000000   Code   RO         6088    .ARM.Collect$$$$0000000D  mc_w.l(entry10a.o)
    0x08000198   0x00000000   Code   RO         6090    .ARM.Collect$$$$0000000F  mc_w.l(entry11a.o)
    0x08000198   0x00000004   Code   RO         6079    .ARM.Collect$$$$00002712  mc_w.l(entry2.o)
    0x0800019c   0x00000024   Code   RO            4    .text               startup_stm32f4xx.o
    0x080001c0   0x00000008   Code   RO         4143    .text               asmmisc.o
    0x080001c8   0x0000080e   Code   RO         4146    .text               asmpoly_thumb2.o
    0x080009d6   0x00000002   PAD
    0x080009d8   0x000000c8   Code   RO         5671    .text               os_cpu_a.o
    0x08000aa0   0x00000024   Code   RO         5763    .text               mc_w.l(rand.o)
    0x08000ac4   0x00000040   Code   RO         5768    .text               mc_w.l(memmovea.o)
    0x08000b04   0x00000024   Code   RO         5770    .text               mc_w.l(memseta.o)
    0x08000b28   0x00000018   Code   RO         5772    .text               mc_w.l(strcat.o)
    0x08000b40   0x00000024   Code   RO         5774    .text               mc_w.l(strstr.o)
    0x08000b64   0x00000018   Code   RO         5776    .text               mc_w.l(strncpy.o)
    0x08000b7c   0x0000000e   Code   RO         5778    .text               mc_w.l(strlen.o)
    0x08000b8a   0x0000001c   Code   RO         5780    .text               mc_w.l(strcmp.o)
    0x08000ba6   0x00000012   Code   RO         5782    .text               mc_w.l(strcpy.o)
    0x08000bb8   0x0000001e   Code   RO         5784    .text               mc_w.l(strncmp.o)
    0x08000bd6   0x00000002   PAD
    0x08000bd8   0x00000024   Code   RO         6109    .text               mc_w.l(init.o)
    0x08000bfc   0x00000056   Code   RO         6127    .text               mc_w.l(__dczerorl2.o)
    0x08000c52   0x00000002   PAD
    0x08000c54   0x00000254   Code   RO         3949    i.AntiAlias         imdct.o
    0x08000ea8   0x000000e8   Code   RO         3459    i.Audio_MAL_IRQHandler  codec.o
    0x08000f90   0x000000fc   Code   RO         3460    i.Audio_MAL_Init    codec.o
    0x0800108c   0x00000050   Code   RO         3461    i.Audio_MAL_PauseResume  codec.o
    0x080010dc   0x0000006c   Code   RO         3462    i.Audio_MAL_Play    codec.o
    0x08001148   0x00000050   Code   RO         3463    i.Audio_MAL_Stop    codec.o
    0x08001198   0x0000002c   Code   RO          487    i.BSP_Delay         usb_bsp.o
    0x080011c4   0x0000006a   Code   RO          488    i.BSP_SetTime       usb_bsp.o
    0x0800122e   0x00000004   Code   RO          360    i.BusFault_Handler  stm32f4xx_it.o
    0x08001232   0x0000001c   Code   RO         3870    i.CLZ               dequant.o
    0x0800124e   0x0000001c   Code   RO         3890    i.CLZ               dqchan.o
    0x0800126a   0x00000002   PAD
    0x0800126c   0x00000044   Code   RO          557    i.COMMAND_AudioExecuteApplication  usbh_usr.o
    0x080012b0   0x0000003c   Code   RO         3310    i.CSPin_Init        sd.o
    0x080012ec   0x00000016   Code   RO         3829    i.ClearBuffer       buffers.o
    0x08001302   0x00000002   PAD
    0x08001304   0x0000006c   Code   RO         3465    i.Codec_AudioInterface_Init  codec.o
    0x08001370   0x00000050   Code   RO         3467    i.Codec_CtrlInterface_Init  codec.o
    0x080013c0   0x00000124   Code   RO         3470    i.Codec_GPIO_Init   codec.o
    0x080014e4   0x000000e8   Code   RO         3471    i.Codec_Init        codec.o
    0x080015cc   0x0000002c   Code   RO         3472    i.Codec_Mute        codec.o
    0x080015f8   0x00000044   Code   RO         3473    i.Codec_PauseResume  codec.o
    0x0800163c   0x000001c4   Code   RO         3475    i.Codec_ReadRegister  codec.o
    0x08001800   0x00000024   Code   RO         3476    i.Codec_Reset       codec.o
    0x08001824   0x00000040   Code   RO         3477    i.Codec_Stop        codec.o
    0x08001864   0x00000004   Code   RO         4152    i.Codec_TIMEOUT_UserCallback  mp3play.o
    0x08001868   0x00000048   Code   RO         3478    i.Codec_VolumeCtrl  codec.o
    0x080018b0   0x00000128   Code   RO         3479    i.Codec_WriteRegister  codec.o
    0x080019d8   0x00000028   Code   RO          795    i.DAC_Cmd           stm32f4xx_dac.o
    0x08001a00   0x00000050   Code   RO         3480    i.DAC_Config        codec.o
    0x08001a50   0x00000034   Code   RO          803    i.DAC_Init          stm32f4xx_dac.o
    0x08001a84   0x00000020   Code   RO          804    i.DAC_SetChannel1Data  stm32f4xx_dac.o
    0x08001aa4   0x00000008   Code   RO         3481    i.DMA1_Stream0_IRQHandler  codec.o
    0x08001aac   0x00000008   Code   RO         3482    i.DMA1_Stream7_IRQHandler  codec.o
    0x08001ab4   0x00000034   Code   RO          905    i.DMA_ClearFlag     stm32f4xx_dma.o
    0x08001ae8   0x00000016   Code   RO          907    i.DMA_Cmd           stm32f4xx_dma.o
    0x08001afe   0x00000002   PAD
    0x08001b00   0x00000158   Code   RO          908    i.DMA_DeInit        stm32f4xx_dma.o
    0x08001c58   0x00000014   Code   RO          912    i.DMA_GetCmdStatus  stm32f4xx_dma.o
    0x08001c6c   0x00000044   Code   RO          916    i.DMA_GetFlagStatus  stm32f4xx_dma.o
    0x08001cb0   0x0000003a   Code   RO          918    i.DMA_ITConfig      stm32f4xx_dma.o
    0x08001cea   0x00000002   PAD
    0x08001cec   0x00000058   Code   RO          919    i.DMA_Init          stm32f4xx_dma.o
    0x08001d44   0x00000002   Code   RO          361    i.DebugMon_Handler  stm32f4xx_it.o
    0x08001d46   0x00000002   PAD
    0x08001d48   0x0000038c   Code   RO         3914    i.DecodeHuffmanPairs  huffman.o
    0x080020d4   0x0000017c   Code   RO         3915    i.DecodeHuffmanQuads  huffman.o
    0x08002250   0x00000012   Code   RO         3483    i.Delay             codec.o
    0x08002262   0x00000002   PAD
    0x08002264   0x000001b4   Code   RO         3891    i.DequantBlock      dqchan.o
    0x08002418   0x00000070   Code   RO         3060    i.DrawPage          lcd.o
    0x08002488   0x00000004   Code   RO         4154    i.EVAL_AUDIO_GetSampleCallBack  mp3play.o
    0x0800248c   0x0000003a   Code   RO         3485    i.EVAL_AUDIO_Init   codec.o
    0x080024c6   0x0000001c   Code   RO         3487    i.EVAL_AUDIO_PauseResume  codec.o
    0x080024e2   0x00000002   PAD
    0x080024e4   0x000000dc   Code   RO         3489    i.EVAL_AUDIO_SetAudioInterface  codec.o
    0x080025c0   0x00000028   Code   RO         3490    i.EVAL_AUDIO_Stop   codec.o
    0x080025e8   0x0000000c   Code   RO         4155    i.EVAL_AUDIO_TransferComplete_CallBack  mp3play.o
    0x080025f4   0x00000020   Code   RO         3491    i.EVAL_AUDIO_VolumeCtl  codec.o
    0x08002614   0x00000054   Code   RO          362    i.EXTI0_IRQHandler  stm32f4xx_it.o
    0x08002668   0x00000002   Code   RO          363    i.EXTI1_IRQHandler  stm32f4xx_it.o
    0x0800266a   0x00000002   PAD
    0x0800266c   0x0000000c   Code   RO         1030    i.EXTI_ClearITPendingBit  stm32f4xx_exti.o
    0x08002678   0x00000028   Code   RO         1034    i.EXTI_GetITStatus  stm32f4xx_exti.o
    0x080026a0   0x00000204   Code   RO         3950    i.FreqInvertRescale  imdct.o
    0x080028a4   0x00000090   Code   RO         1088    i.GPIO_Init         stm32f4xx_gpio.o
    0x08002934   0x00000046   Code   RO         1089    i.GPIO_PinAFConfig  stm32f4xx_gpio.o
    0x0800297a   0x00000004   Code   RO         1095    i.GPIO_ResetBits    stm32f4xx_gpio.o
    0x0800297e   0x00000004   Code   RO         1096    i.GPIO_SetBits      stm32f4xx_gpio.o
    0x08002982   0x0000000a   Code   RO         1100    i.GPIO_WriteBit     stm32f4xx_gpio.o
    0x0800298c   0x0000010c   Code   RO         3061    i.GUI_DrawFont16    lcd.o
    0x08002a98   0x00000118   Code   RO         3062    i.GUI_DrawFont24    lcd.o
    0x08002bb0   0x00000108   Code   RO         3063    i.GUI_DrawFont32    lcd.o
    0x08002cb8   0x00000018   Code   RO         3064    i.GUI_DrawPoint     lcd.o
    0x08002cd0   0x00000048   Code   RO         3066    i.Gui_StrCenter     lcd.o
    0x08002d18   0x00000060   Code   RO         3067    i.Gui_icon          lcd.o
    0x08002d78   0x0000000a   Code   RO         4451    i.HCD_GetCurrentFrame  usb_hcd.o
    0x08002d82   0x00000014   Code   RO         4452    i.HCD_GetCurrentSpeed  usb_hcd.o
    0x08002d96   0x0000000a   Code   RO         4454    i.HCD_GetURB_State  usb_hcd.o
    0x08002da0   0x0000000c   Code   RO         4455    i.HCD_GetXferCnt    usb_hcd.o
    0x08002dac   0x00000060   Code   RO         4457    i.HCD_Init          usb_hcd.o
    0x08002e0c   0x00000008   Code   RO         4458    i.HCD_IsDeviceConnected  usb_hcd.o
    0x08002e14   0x0000000e   Code   RO         4459    i.HCD_ResetPort     usb_hcd.o
    0x08002e22   0x00000020   Code   RO         4460    i.HCD_SubmitRequest  usb_hcd.o
    0x08002e42   0x00000004   Code   RO          364    i.HardFault_Handler  stm32f4xx_it.o
    0x08002e46   0x0000017c   Code   RO         3951    i.HybridTransform   imdct.o
    0x08002fc2   0x00000018   Code   RO         1182    i.I2C_AcknowledgeConfig  stm32f4xx_i2c.o
    0x08002fda   0x0000002a   Code   RO         1184    i.I2C_CheckEvent    stm32f4xx_i2c.o
    0x08003004   0x0000000c   Code   RO         1185    i.I2C_ClearFlag     stm32f4xx_i2c.o
    0x08003010   0x00000018   Code   RO         1187    i.I2C_Cmd           stm32f4xx_i2c.o
    0x08003028   0x00000060   Code   RO         1190    i.I2C_DeInit        stm32f4xx_i2c.o
    0x08003088   0x00000018   Code   RO         1194    i.I2C_GenerateSTART  stm32f4xx_i2c.o
    0x080030a0   0x00000018   Code   RO         1195    i.I2C_GenerateSTOP  stm32f4xx_i2c.o
    0x080030b8   0x0000003a   Code   RO         1196    i.I2C_GetFlagStatus  stm32f4xx_i2c.o
    0x080030f2   0x00000002   PAD
    0x080030f4   0x000000e8   Code   RO         1201    i.I2C_Init          stm32f4xx_i2c.o
    0x080031dc   0x00000008   Code   RO         1206    i.I2C_ReceiveData   stm32f4xx_i2c.o
    0x080031e4   0x00000010   Code   RO         1208    i.I2C_Send7bitAddress  stm32f4xx_i2c.o
    0x080031f4   0x00000004   Code   RO         1209    i.I2C_SendData      stm32f4xx_i2c.o
    0x080031f8   0x00000018   Code   RO         1665    i.I2S_Cmd           stm32f4xx_spi.o
    0x08003210   0x00000168   Code   RO         1667    i.I2S_Init          stm32f4xx_spi.o
    0x08003378   0x000001ec   Code   RO         3952    i.IMDCT12x3         imdct.o
    0x08003564   0x00000248   Code   RO         3953    i.IMDCT36           imdct.o
    0x080037ac   0x00000080   Code   RO         3034    i.KEY_Init          key.o
    0x0800382c   0x00000138   Code   RO         3035    i.KEY_Scan          key.o
    0x08003964   0x00000074   Code   RO         3069    i.LCD_Clear         lcd.o
    0x080039d8   0x00000024   Code   RO         3070    i.LCD_DrawFillRectangle  lcd.o
    0x080039fc   0x000000b0   Code   RO         3071    i.LCD_DrawLine      lcd.o
    0x08003aac   0x00000058   Code   RO         3072    i.LCD_DrawPoint     lcd.o
    0x08003b04   0x0000003c   Code   RO         3073    i.LCD_DrawPoint_16Bit  lcd.o
    0x08003b40   0x0000003c   Code   RO         3074    i.LCD_DrawRectangle  lcd.o
    0x08003b7c   0x000000b4   Code   RO         3075    i.LCD_Fill          lcd.o
    0x08003c30   0x00000058   Code   RO         3076    i.LCD_GPIOInit      lcd.o
    0x08003c88   0x00000244   Code   RO         3077    i.LCD_Init          lcd.o
    0x08003ecc   0x0000002c   Code   RO         3078    i.LCD_RESET         lcd.o
    0x08003ef8   0x00000038   Code   RO         3080    i.LCD_SetCursor     lcd.o
    0x08003f30   0x0000002c   Code   RO         3081    i.LCD_SetParam      lcd.o
    0x08003f5c   0x00000054   Code   RO         3082    i.LCD_SetWindows    lcd.o
    0x08003fb0   0x00000124   Code   RO         3083    i.LCD_ShowChar      lcd.o
    0x080040d4   0x000000b0   Code   RO         3084    i.LCD_ShowNum       lcd.o
    0x08004184   0x0000006c   Code   RO         3085    i.LCD_ShowString    lcd.o
    0x080041f0   0x00000028   Code   RO         3086    i.LCD_WR_DATA       lcd.o
    0x08004218   0x00000024   Code   RO         3087    i.LCD_WR_REG        lcd.o
    0x0800423c   0x00000010   Code   RO         3088    i.LCD_WriteRAM_Prepare  lcd.o
    0x0800424c   0x00000014   Code   RO         3089    i.LCD_WriteReg      lcd.o
    0x08004260   0x00000038   Code   RO         3291    i.LED_Init          led.o
    0x08004298   0x00000012   Code   RO         3090    i.Lcd_Delay         lcd.o
    0x080042aa   0x00000002   Code   RO         4006    i.MP3ClearBadFrame  mp3dec.o
    0x080042ac   0x00000324   Code   RO         4007    i.MP3Decode         mp3dec.o
    0x080045d0   0x00000064   Code   RO         4008    i.MP3FindFreeSync   mp3dec.o
    0x08004634   0x0000002c   Code   RO         4009    i.MP3FindSyncWord   mp3dec.o
    0x08004660   0x00000064   Code   RO         4011    i.MP3GetLastFrameInfo  mp3dec.o
    0x080046c4   0x0000000c   Code   RO         4013    i.MP3InitDecoder    mp3dec.o
    0x080046d0   0x00000004   Code   RO          365    i.MemManage_Handler  stm32f4xx_it.o
    0x080046d4   0x00000020   Code   RO         4156    i.Mp3PlayerInit     mp3play.o
    0x080046f4   0x0000000c   Code   RO         4157    i.Mp3PlayerPauseResume  mp3play.o
    0x08004700   0x000003b8   Code   RO         4158    i.Mp3PlayerStart    mp3play.o
    0x08004ab8   0x0000000a   Code   RO         4159    i.Mp3PlayerStop     mp3play.o
    0x08004ac2   0x00000002   PAD
    0x08004ac4   0x00000058   Code   RO         4160    i.Mp3Player_CallBack  mp3play.o
    0x08004b1c   0x0000000e   Code   RO         4161    i.Mp3playerCtrlVolume  mp3play.o
    0x08004b2a   0x00000002   Code   RO          366    i.NMI_Handler       stm32f4xx_it.o
    0x08004b2c   0x00000078   Code   RO          753    i.NVIC_Init         misc.o
    0x08004ba4   0x00000014   Code   RO          754    i.NVIC_PriorityGroupConfig  misc.o
    0x08004bb8   0x00000014   Code   RO          755    i.NVIC_SetVectorTable  misc.o
    0x08004bcc   0x0000002c   Code   RO         4994    i.OSInit            os_core.o
    0x08004bf8   0x00000002   Code   RO         5675    i.OSInitHookBegin   os_cpu_c.o
    0x08004bfa   0x00000002   Code   RO         5676    i.OSInitHookEnd     os_cpu_c.o
    0x08004bfc   0x00000024   Code   RO         4995    i.OSIntEnter        os_core.o
    0x08004c20   0x00000090   Code   RO         4996    i.OSIntExit         os_core.o
    0x08004cb0   0x00000040   Code   RO         4997    i.OSSchedLock       os_core.o
    0x08004cf0   0x00000060   Code   RO         4998    i.OSSchedUnlock     os_core.o
    0x08004d50   0x00000048   Code   RO         4999    i.OSStart           os_core.o
    0x08004d98   0x0000004c   Code   RO         5000    i.OSStatInit        os_core.o
    0x08004de4   0x00000002   Code   RO         5677    i.OSTCBInitHook     os_cpu_c.o
    0x08004de6   0x00000002   PAD
    0x08004de8   0x000000a0   Code   RO         5523    i.OSTaskCreate      os_task.o
    0x08004e88   0x000000b8   Code   RO         5524    i.OSTaskCreateExt   os_task.o
    0x08004f40   0x00000002   Code   RO         5678    i.OSTaskCreateHook  os_cpu_c.o
    0x08004f42   0x00000002   PAD
    0x08004f44   0x00000154   Code   RO         5525    i.OSTaskDel         os_task.o
    0x08005098   0x00000002   Code   RO         5679    i.OSTaskDelHook     os_cpu_c.o
    0x0800509a   0x00000002   Code   RO         5680    i.OSTaskIdleHook    os_cpu_c.o
    0x0800509c   0x00000070   Code   RO         5528    i.OSTaskNameSet     os_task.o
    0x0800510c   0x00000002   Code   RO         5681    i.OSTaskReturnHook  os_cpu_c.o
    0x0800510e   0x00000002   Code   RO         5682    i.OSTaskStatHook    os_cpu_c.o
    0x08005110   0x0000008c   Code   RO         5533    i.OSTaskStkChk      os_task.o
    0x0800519c   0x0000009c   Code   RO         5683    i.OSTaskStkInit     os_cpu_c.o
    0x08005238   0x000000a8   Code   RO         5534    i.OSTaskSuspend     os_task.o
    0x080052e0   0x00000002   Code   RO         5684    i.OSTaskSwHook      os_cpu_c.o
    0x080052e2   0x00000002   PAD
    0x080052e4   0x00000078   Code   RO         5622    i.OSTimeDly         os_time.o
    0x0800535c   0x000000ec   Code   RO         5001    i.OSTimeTick        os_core.o
    0x08005448   0x00000002   Code   RO         5685    i.OSTimeTickHook    os_cpu_c.o
    0x0800544a   0x00000002   Code   RO         5003    i.OS_Dummy          os_core.o
    0x0800544c   0x0000002a   Code   RO         5005    i.OS_EventTaskRemove  os_core.o
    0x08005476   0x00000002   PAD
    0x08005478   0x00000058   Code   RO         5189    i.OS_FlagInit       os_flag.o
    0x080054d0   0x00000024   Code   RO         5191    i.OS_FlagUnlink     os_flag.o
    0x080054f4   0x00000054   Code   RO         5008    i.OS_InitEventList  os_core.o
    0x08005548   0x00000054   Code   RO         5009    i.OS_InitMisc       os_core.o
    0x0800559c   0x00000044   Code   RO         5010    i.OS_InitRdyList    os_core.o
    0x080055e0   0x00000080   Code   RO         5011    i.OS_InitTCBList    os_core.o
    0x08005660   0x00000050   Code   RO         5012    i.OS_InitTaskIdle   os_core.o
    0x080056b0   0x00000050   Code   RO         5013    i.OS_InitTaskStat   os_core.o
    0x08005700   0x00000012   Code   RO         5014    i.OS_MemClr         os_core.o
    0x08005712   0x00000002   PAD
    0x08005714   0x00000050   Code   RO         5398    i.OS_QInit          os_q.o
    0x08005764   0x00000074   Code   RO         5016    i.OS_Sched          os_core.o
    0x080057d8   0x0000002c   Code   RO         5017    i.OS_SchedNew       os_core.o
    0x08005804   0x00000134   Code   RO         5019    i.OS_TCBInit        os_core.o
    0x08005938   0x00000028   Code   RO         5020    i.OS_TaskIdle       os_core.o
    0x08005960   0x00000018   Code   RO         5535    i.OS_TaskReturn     os_task.o
    0x08005978   0x00000088   Code   RO         5021    i.OS_TaskStat       os_core.o
    0x08005a00   0x0000003c   Code   RO         5022    i.OS_TaskStatStkChk  os_core.o
    0x08005a3c   0x0000001a   Code   RO         5536    i.OS_TaskStkClr     os_task.o
    0x08005a56   0x00000002   PAD
    0x08005a58   0x00000010   Code   RO          367    i.OTG_FS_IRQHandler  stm32f4xx_it.o
    0x08005a68   0x000000fc   Code   RO          696    i.ProductTest_main  producttest.o
    0x08005b64   0x00000020   Code   RO         1389    i.RCC_AHB1PeriphClockCmd  stm32f4xx_rcc.o
    0x08005b84   0x00000020   Code   RO         1392    i.RCC_AHB2PeriphClockCmd  stm32f4xx_rcc.o
    0x08005ba4   0x00000020   Code   RO         1398    i.RCC_APB1PeriphClockCmd  stm32f4xx_rcc.o
    0x08005bc4   0x00000020   Code   RO         1400    i.RCC_APB1PeriphResetCmd  stm32f4xx_rcc.o
    0x08005be4   0x00000020   Code   RO         1401    i.RCC_APB2PeriphClockCmd  stm32f4xx_rcc.o
    0x08005c04   0x00000020   Code   RO         1403    i.RCC_APB2PeriphResetCmd  stm32f4xx_rcc.o
    0x08005c24   0x000000e8   Code   RO         1410    i.RCC_GetClocksFreq  stm32f4xx_rcc.o
    0x08005d0c   0x00000088   Code   RO         3765    i.RefillBitstreamCache  bitstream.o
    0x08005d94   0x00000018   Code   RO         3311    i.SD_DisSelect      sd.o
    0x08005dac   0x0000002a   Code   RO         3313    i.SD_GetCSD         sd.o
    0x08005dd6   0x00000026   Code   RO         3314    i.SD_GetResponse    sd.o
    0x08005dfc   0x00000076   Code   RO         3315    i.SD_GetSectorCount  sd.o
    0x08005e72   0x00000002   PAD
    0x08005e74   0x0000018c   Code   RO         3316    i.SD_Initialize     sd.o
    0x08006000   0x00000074   Code   RO         3317    i.SD_ReadDisk       sd.o
    0x08006074   0x00000038   Code   RO         3318    i.SD_RecvData       sd.o
    0x080060ac   0x0000000c   Code   RO         3319    i.SD_SPI_ReadWriteByte  sd.o
    0x080060b8   0x0000000a   Code   RO         3320    i.SD_SPI_SpeedHigh  sd.o
    0x080060c2   0x0000000a   Code   RO         3321    i.SD_SPI_SpeedLow   sd.o
    0x080060cc   0x00000020   Code   RO         3322    i.SD_Select         sd.o
    0x080060ec   0x00000052   Code   RO         3323    i.SD_SendBlock      sd.o
    0x0800613e   0x00000078   Code   RO         3324    i.SD_SendCmd        sd.o
    0x080061b6   0x00000022   Code   RO         3325    i.SD_WaitReady      sd.o
    0x080061d8   0x00000090   Code   RO         3326    i.SD_WriteDisk      sd.o
    0x08006268   0x000000b4   Code   RO         3327    i.SPI1_Init         sd.o
    0x0800631c   0x00000054   Code   RO         3328    i.SPI1_ReadWriteByte  sd.o
    0x08006370   0x00000028   Code   RO         3329    i.SPI1_SetSpeed     sd.o
    0x08006398   0x0000003c   Code   RO         3492    i.SPI3_IRQHandler   codec.o
    0x080063d4   0x00000018   Code   RO         1671    i.SPI_Cmd           stm32f4xx_spi.o
    0x080063ec   0x00000012   Code   RO         1677    i.SPI_I2S_DMACmd    stm32f4xx_spi.o
    0x080063fe   0x00000002   PAD
    0x08006400   0x00000058   Code   RO         1678    i.SPI_I2S_DeInit    stm32f4xx_spi.o
    0x08006458   0x00000012   Code   RO         1679    i.SPI_I2S_GetFlagStatus  stm32f4xx_spi.o
    0x0800646a   0x00000020   Code   RO         1681    i.SPI_I2S_ITConfig  stm32f4xx_spi.o
    0x0800648a   0x00000006   Code   RO         1682    i.SPI_I2S_ReceiveData  stm32f4xx_spi.o
    0x08006490   0x00000004   Code   RO         1683    i.SPI_I2S_SendData  stm32f4xx_spi.o
    0x08006494   0x0000003c   Code   RO         1684    i.SPI_Init          stm32f4xx_spi.o
    0x080064d0   0x00000002   Code   RO          368    i.SVC_Handler       stm32f4xx_it.o
    0x080064d2   0x00000002   PAD
    0x080064d4   0x00000124   Code   RO          454    i.SetSysClock       system_stm32f4xx.o
    0x080065f8   0x0000010c   Code   RO         3091    i.Show_Str          lcd.o
    0x08006704   0x00000028   Code   RO          757    i.SysTick_CLKSourceConfig  misc.o
    0x0800672c   0x00000010   Code   RO         3663    i.SysTick_Handler   delay.o
    0x0800673c   0x0000005c   Code   RO          456    i.SystemInit        system_stm32f4xx.o
    0x08006798   0x00000008   Code   RO          369    i.TIM2_IRQHandler   stm32f4xx_it.o
    0x080067a0   0x0000003c   Code   RO          370    i.TIM4_IRQHandler   stm32f4xx_it.o
    0x080067dc   0x00000018   Code   RO         1875    i.TIM_ARRPreloadConfig  stm32f4xx_tim.o
    0x080067f4   0x00000006   Code   RO         1882    i.TIM_ClearITPendingBit  stm32f4xx_tim.o
    0x080067fa   0x00000018   Code   RO         1887    i.TIM_Cmd           stm32f4xx_tim.o
    0x08006812   0x00000006   Code   RO         1902    i.TIM_GetCapture1   stm32f4xx_tim.o
    0x08006818   0x00000022   Code   RO         1908    i.TIM_GetITStatus   stm32f4xx_tim.o
    0x0800683a   0x00000012   Code   RO         1912    i.TIM_ITConfig      stm32f4xx_tim.o
    0x0800684c   0x00000004   Code   RO         1949    i.TIM_SetCompare1   stm32f4xx_tim.o
    0x08006850   0x00000084   Code   RO         1959    i.TIM_TimeBaseInit  stm32f4xx_tim.o
    0x080068d4   0x000000b8   Code   RO         3715    i.USART3_IRQHandler  usart.o
    0x0800698c   0x00000012   Code   RO         2429    i.USART_ClearFlag   stm32f4xx_usart.o
    0x0800699e   0x00000018   Code   RO         2433    i.USART_Cmd         stm32f4xx_usart.o
    0x080069b6   0x00000054   Code   RO         2437    i.USART_GetITStatus  stm32f4xx_usart.o
    0x08006a0a   0x0000004a   Code   RO         2439    i.USART_ITConfig    stm32f4xx_usart.o
    0x08006a54   0x000000d4   Code   RO         2440    i.USART_Init        stm32f4xx_usart.o
    0x08006b28   0x0000000a   Code   RO         2447    i.USART_ReceiveData  stm32f4xx_usart.o
    0x08006b32   0x00000026   Code   RO         4653    i.USBH_Alloc_Channel  usbh_hcs.o
    0x08006b58   0x00000060   Code   RO         4698    i.USBH_BulkReceiveData  usbh_ioreq.o
    0x08006bb8   0x0000005e   Code   RO         4699    i.USBH_BulkSendData  usbh_ioreq.o
    0x08006c16   0x0000004c   Code   RO         4761    i.USBH_ClrFeature   usbh_stdreq.o
    0x08006c62   0x00000014   Code   RO         4587    i.USBH_Connect      usbh_core.o
    0x08006c76   0x00000046   Code   RO         4700    i.USBH_CtlReceiveData  usbh_ioreq.o
    0x08006cbc   0x00000070   Code   RO         4701    i.USBH_CtlReq       usbh_ioreq.o
    0x08006d2c   0x0000006e   Code   RO         4702    i.USBH_CtlSendData  usbh_ioreq.o
    0x08006d9a   0x00000042   Code   RO         4703    i.USBH_CtlSendSetup  usbh_ioreq.o
    0x08006ddc   0x0000001c   Code   RO         4654    i.USBH_DeAllocate_AllChannel  usbh_hcs.o
    0x08006df8   0x0000003a   Code   RO         4588    i.USBH_DeInit       usbh_core.o
    0x08006e32   0x00000014   Code   RO         4589    i.USBH_Disconnect   usbh_core.o
    0x08006e46   0x0000002e   Code   RO         4590    i.USBH_ErrorHandle  usbh_core.o
    0x08006e74   0x0000001e   Code   RO         4655    i.USBH_Free_Channel  usbh_hcs.o
    0x08006e92   0x00000044   Code   RO         4762    i.USBH_GetDescriptor  usbh_stdreq.o
    0x08006ed6   0x00000028   Code   RO         4656    i.USBH_GetFreeChannel  usbh_hcs.o
    0x08006efe   0x00000012   Code   RO         4763    i.USBH_GetNextDesc  usbh_stdreq.o
    0x08006f10   0x00000040   Code   RO         4764    i.USBH_Get_CfgDesc  usbh_stdreq.o
    0x08006f50   0x00000038   Code   RO         4765    i.USBH_Get_DevDesc  usbh_stdreq.o
    0x08006f88   0x0000003c   Code   RO         4766    i.USBH_Get_StringDesc  usbh_stdreq.o
    0x08006fc4   0x00000228   Code   RO         4591    i.USBH_HandleControl  usbh_core.o
    0x080071ec   0x000001d8   Code   RO         4592    i.USBH_HandleEnum   usbh_core.o
    0x080073c4   0x0000005c   Code   RO         4593    i.USBH_Init         usbh_core.o
    0x08007420   0x00000024   Code   RO         4888    i.USBH_MSC_BOTReset  usbh_msc_core.o
    0x08007444   0x00000060   Code   RO         4843    i.USBH_MSC_BOT_Abort  usbh_msc_bot.o
    0x080074a4   0x00000014   Code   RO         4889    i.USBH_MSC_ClassRequest  usbh_msc_core.o
    0x080074b8   0x00000080   Code   RO         4844    i.USBH_MSC_DecodeCSW  usbh_msc_bot.o
    0x08007538   0x00000044   Code   RO         4890    i.USBH_MSC_ErrorHandle  usbh_msc_core.o
    0x0800757c   0x0000002c   Code   RO         4891    i.USBH_MSC_GETMaxLUN  usbh_msc_core.o
    0x080075a8   0x000001a8   Code   RO         4892    i.USBH_MSC_Handle   usbh_msc_core.o
    0x08007750   0x000002fc   Code   RO         4845    i.USBH_MSC_HandleBOTXfer  usbh_msc_bot.o
    0x08007a4c   0x00000044   Code   RO         4846    i.USBH_MSC_Init     usbh_msc_bot.o
    0x08007a90   0x0000004c   Code   RO         4893    i.USBH_MSC_InterfaceDeInit  usbh_msc_core.o
    0x08007adc   0x000000d0   Code   RO         4894    i.USBH_MSC_InterfaceInit  usbh_msc_core.o
    0x08007bac   0x000000d0   Code   RO         4941    i.USBH_MSC_ModeSense6  usbh_msc_scsi.o
    0x08007c7c   0x00000100   Code   RO         4942    i.USBH_MSC_Read10   usbh_msc_scsi.o
    0x08007d7c   0x000000dc   Code   RO         4943    i.USBH_MSC_ReadCapacity10  usbh_msc_scsi.o
    0x08007e58   0x000000e0   Code   RO         4944    i.USBH_MSC_RequestSense  usbh_msc_scsi.o
    0x08007f38   0x000000b0   Code   RO         4945    i.USBH_MSC_TestUnitReady  usbh_msc_scsi.o
    0x08007fe8   0x000000e4   Code   RO         4946    i.USBH_MSC_Write10  usbh_msc_scsi.o
    0x080080cc   0x00000064   Code   RO         4657    i.USBH_Modify_Channel  usbh_hcs.o
    0x08008130   0x000000a8   Code   RO         4521    i.USBH_OTG_ISR_Handler  usb_hcd_int.o
    0x080081d8   0x0000009a   Code   RO         4658    i.USBH_Open_Channel  usbh_hcs.o
    0x08008272   0x000000da   Code   RO         4767    i.USBH_ParseCfgDesc  usbh_stdreq.o
    0x0800834c   0x00000058   Code   RO         4768    i.USBH_ParseDevDesc  usbh_stdreq.o
    0x080083a4   0x00000020   Code   RO         4769    i.USBH_ParseEPDesc  usbh_stdreq.o
    0x080083c4   0x00000026   Code   RO         4770    i.USBH_ParseInterfaceDesc  usbh_stdreq.o
    0x080083ea   0x00000036   Code   RO         4771    i.USBH_ParseStringDesc  usbh_stdreq.o
    0x08008420   0x000001ae   Code   RO         4594    i.USBH_Process      usbh_core.o
    0x080085ce   0x00000026   Code   RO         4772    i.USBH_SetAddress   usbh_stdreq.o
    0x080085f4   0x00000026   Code   RO         4773    i.USBH_SetCfg       usbh_stdreq.o
    0x0800861a   0x00000018   Code   RO         4706    i.USBH_SubmitSetupRequest  usbh_ioreq.o
    0x08008632   0x00000002   Code   RO          558    i.USBH_USR_Configuration_DescAvailable  usbh_usr.o
    0x08008634   0x0000000c   Code   RO          559    i.USBH_USR_DeInit   usbh_usr.o
    0x08008640   0x00000002   Code   RO          560    i.USBH_USR_DeviceAddressAssigned  usbh_usr.o
    0x08008642   0x00000002   PAD
    0x08008644   0x00000028   Code   RO          561    i.USBH_USR_DeviceAttached  usbh_usr.o
    0x0800866c   0x00000054   Code   RO          562    i.USBH_USR_DeviceDisconnected  usbh_usr.o
    0x080086c0   0x00000002   Code   RO          563    i.USBH_USR_DeviceNotSupported  usbh_usr.o
    0x080086c2   0x00000002   Code   RO          564    i.USBH_USR_DeviceSpeedDetected  usbh_usr.o
    0x080086c4   0x00000002   Code   RO          565    i.USBH_USR_Device_DescAvailable  usbh_usr.o
    0x080086c6   0x00000010   Code   RO          566    i.USBH_USR_EnumerationDone  usbh_usr.o
    0x080086d6   0x00000002   Code   RO          567    i.USBH_USR_Init     usbh_usr.o
    0x080086d8   0x00000074   Code   RO          568    i.USBH_USR_MSC_Application  usbh_usr.o
    0x0800874c   0x00000002   Code   RO          569    i.USBH_USR_Manufacturer_String  usbh_usr.o
    0x0800874e   0x00000002   Code   RO          570    i.USBH_USR_OverCurrentDetected  usbh_usr.o
    0x08008750   0x00000002   Code   RO          571    i.USBH_USR_Product_String  usbh_usr.o
    0x08008752   0x00000002   Code   RO          572    i.USBH_USR_ResetDevice  usbh_usr.o
    0x08008754   0x00000002   Code   RO          573    i.USBH_USR_SerialNum_String  usbh_usr.o
    0x08008756   0x00000002   Code   RO          574    i.USBH_USR_UnrecoveredError  usbh_usr.o
    0x08008758   0x00000004   Code   RO          575    i.USBH_USR_UserInput  usbh_usr.o
    0x0800875c   0x00000044   Code   RO          489    i.USB_OTG_BSP_ConfigVBUS  usb_bsp.o
    0x080087a0   0x00000020   Code   RO          490    i.USB_OTG_BSP_DriveVBUS  usb_bsp.o
    0x080087c0   0x00000046   Code   RO          491    i.USB_OTG_BSP_EnableInterrupt  usb_bsp.o
    0x08008806   0x00000002   PAD
    0x08008808   0x00000090   Code   RO          492    i.USB_OTG_BSP_Init  usb_bsp.o
    0x08008898   0x0000003a   Code   RO          493    i.USB_OTG_BSP_TimeInit  usb_bsp.o
    0x080088d2   0x00000002   PAD
    0x080088d4   0x00000038   Code   RO          494    i.USB_OTG_BSP_TimerIRQ  usb_bsp.o
    0x0800890c   0x0000000e   Code   RO          495    i.USB_OTG_BSP_mDelay  usb_bsp.o
    0x0800891a   0x0000000e   Code   RO          496    i.USB_OTG_BSP_uDelay  usb_bsp.o
    0x08008928   0x000001ce   Code   RO         4269    i.USB_OTG_CoreInit  usb_core.o
    0x08008af6   0x000000c2   Code   RO         4270    i.USB_OTG_CoreInitHost  usb_core.o
    0x08008bb8   0x00000070   Code   RO         4271    i.USB_OTG_CoreReset  usb_core.o
    0x08008c28   0x00000022   Code   RO         4272    i.USB_OTG_DisableGlobalInt  usb_core.o
    0x08008c4a   0x0000005c   Code   RO         4273    i.USB_OTG_DriveVbus  usb_core.o
    0x08008ca6   0x00000030   Code   RO         4274    i.USB_OTG_EnableCommonInt  usb_core.o
    0x08008cd6   0x00000022   Code   RO         4275    i.USB_OTG_EnableGlobalInt  usb_core.o
    0x08008cf8   0x00000074   Code   RO         4276    i.USB_OTG_EnableHostInt  usb_core.o
    0x08008d6c   0x0000004c   Code   RO         4277    i.USB_OTG_FlushRxFifo  usb_core.o
    0x08008db8   0x00000054   Code   RO         4278    i.USB_OTG_FlushTxFifo  usb_core.o
    0x08008e0c   0x0000000c   Code   RO         4279    i.USB_OTG_GetMode   usb_core.o
    0x08008e18   0x0000005a   Code   RO         4280    i.USB_OTG_HC_DoPing  usb_core.o
    0x08008e72   0x0000007e   Code   RO         4281    i.USB_OTG_HC_Halt   usb_core.o
    0x08008ef0   0x00000238   Code   RO         4282    i.USB_OTG_HC_Init   usb_core.o
    0x08009128   0x000001f6   Code   RO         4283    i.USB_OTG_HC_StartXfer  usb_core.o
    0x0800931e   0x00000018   Code   RO         4284    i.USB_OTG_InitFSLSPClkSel  usb_core.o
    0x08009336   0x00000010   Code   RO         4286    i.USB_OTG_IsEvenFrame  usb_core.o
    0x08009346   0x00000014   Code   RO         4287    i.USB_OTG_IsHostMode  usb_core.o
    0x0800935a   0x00000010   Code   RO         4288    i.USB_OTG_ReadCoreItr  usb_core.o
    0x0800936a   0x00000030   Code   RO         4289    i.USB_OTG_ReadHPRT0  usb_core.o
    0x0800939a   0x00000008   Code   RO         4290    i.USB_OTG_ReadHostAllChannels_intr  usb_core.o
    0x080093a2   0x00000028   Code   RO         4292    i.USB_OTG_ReadPacket  usb_core.o
    0x080093ca   0x00000040   Code   RO         4293    i.USB_OTG_ResetPort  usb_core.o
    0x0800940a   0x00000002   PAD
    0x0800940c   0x000000d0   Code   RO         4294    i.USB_OTG_SelectCore  usb_core.o
    0x080094dc   0x0000004e   Code   RO         4295    i.USB_OTG_SetCurrentMode  usb_core.o
    0x0800952a   0x0000002e   Code   RO         4522    i.USB_OTG_USBH_handle_Disconnect_ISR  usb_hcd_int.o
    0x08009558   0x00000046   Code   RO         4523    i.USB_OTG_USBH_handle_IncompletePeriodicXfer_ISR  usb_hcd_int.o
    0x0800959e   0x00000056   Code   RO         4524    i.USB_OTG_USBH_handle_hc_ISR  usb_hcd_int.o
    0x080095f4   0x00000428   Code   RO         4525    i.USB_OTG_USBH_handle_hc_n_In_ISR  usb_hcd_int.o
    0x08009a1c   0x00000388   Code   RO         4526    i.USB_OTG_USBH_handle_hc_n_Out_ISR  usb_hcd_int.o
    0x08009da4   0x0000012c   Code   RO         4527    i.USB_OTG_USBH_handle_nptxfempty_ISR  usb_hcd_int.o
    0x08009ed0   0x00000118   Code   RO         4528    i.USB_OTG_USBH_handle_port_ISR  usb_hcd_int.o
    0x08009fe8   0x0000012e   Code   RO         4529    i.USB_OTG_USBH_handle_ptxfempty_ISR  usb_hcd_int.o
    0x0800a116   0x00000164   Code   RO         4530    i.USB_OTG_USBH_handle_rx_qlvl_ISR  usb_hcd_int.o
    0x0800a27a   0x0000001c   Code   RO         4531    i.USB_OTG_USBH_handle_sof_ISR  usb_hcd_int.o
    0x0800a296   0x00000040   Code   RO         4297    i.USB_OTG_WritePacket  usb_core.o
    0x0800a2d6   0x00000002   PAD
    0x0800a2d8   0x000001c0   Code   RO         4070    i.UnpackSFMPEG1     scalfact.o
    0x0800a498   0x000002a4   Code   RO         4071    i.UnpackSFMPEG2     scalfact.o
    0x0800a73c   0x00000004   Code   RO          371    i.UsageFault_Handler  stm32f4xx_it.o
    0x0800a740   0x00000154   Code   RO         3954    i.WinPrevious       imdct.o
    0x0800a894   0x00000010   Code   RO         5791    i.__0printf$bare    mc_w.l(printfb.o)
    0x0800a8a4   0x0000000e   Code   RO         6121    i.__scatterload_copy  mc_w.l(handlers.o)
    0x0800a8b2   0x00000002   Code   RO         6122    i.__scatterload_null  mc_w.l(handlers.o)
    0x0800a8b4   0x0000000e   Code   RO         6123    i.__scatterload_zeroinit  mc_w.l(handlers.o)
    0x0800a8c2   0x00000084   Code   RO         3092    i._draw_circle_8    lcd.o
    0x0800a946   0x00000022   Code   RO         5798    i._printf_core      mc_w.l(printfb.o)
    0x0800a968   0x00000090   Code   RO         2632    i.check_fs          ff.o
    0x0800a9f8   0x00000014   Code   RO         2633    i.chk_chr           ff.o
    0x0800aa0c   0x00000318   Code   RO         2634    i.chk_mounted       ff.o
    0x0800ad24   0x0000001a   Code   RO         2635    i.clust2sect        ff.o
    0x0800ad3e   0x00000002   PAD
    0x0800ad40   0x00000090   Code   RO         2636    i.cmp_lfn           ff.o
    0x0800add0   0x000000b6   Code   RO         2637    i.create_chain      ff.o
    0x0800ae86   0x00000002   PAD
    0x0800ae88   0x00000268   Code   RO         2638    i.create_name       ff.o
    0x0800b0f0   0x00000054   Code   RO         3664    i.delay_init        delay.o
    0x0800b144   0x00000050   Code   RO         3665    i.delay_ms          delay.o
    0x0800b194   0x0000005c   Code   RO         3666    i.delay_us          delay.o
    0x0800b1f0   0x000000de   Code   RO         2639    i.dir_find          ff.o
    0x0800b2ce   0x00000142   Code   RO         2640    i.dir_next          ff.o
    0x0800b410   0x000000be   Code   RO         2641    i.dir_read          ff.o
    0x0800b4ce   0x0000018c   Code   RO         2642    i.dir_register      ff.o
    0x0800b65a   0x000000dc   Code   RO         2644    i.dir_seek          ff.o
    0x0800b736   0x00000002   PAD
    0x0800b738   0x00000054   Code   RO         2968    i.disk_initialize   diskio.o
    0x0800b78c   0x000000c0   Code   RO         2969    i.disk_ioctl        diskio.o
    0x0800b84c   0x000000bc   Code   RO         2970    i.disk_read         diskio.o
    0x0800b908   0x00000024   Code   RO         2971    i.disk_status       diskio.o
    0x0800b92c   0x000000b8   Code   RO         2972    i.disk_write        diskio.o
    0x0800b9e4   0x000001a0   Code   RO           11    i.display_files_list  main.o
    0x0800bb84   0x00000042   Code   RO           12    i.display_scrollbar  main.o
    0x0800bbc6   0x00000002   PAD
    0x0800bbc8   0x000000a4   Code   RO           13    i.display_time      main.o
    0x0800bc6c   0x00000164   Code   RO           14    i.display_ui_end    main.o
    0x0800bdd0   0x0000013c   Code   RO           15    i.display_ui_start  main.o
    0x0800bf0c   0x00000066   Code   RO         2929    i.exf_getfree       exfuns.o
    0x0800bf72   0x00000116   Code   RO         2647    i.f_getfree         ff.o
    0x0800c088   0x0000002c   Code   RO         2652    i.f_mount           ff.o
    0x0800c0b4   0x00000198   Code   RO         2653    i.f_open            ff.o
    0x0800c24c   0x00000070   Code   RO         2654    i.f_opendir         ff.o
    0x0800c2bc   0x000001fc   Code   RO         2658    i.f_read            ff.o
    0x0800c4b8   0x00000064   Code   RO         2659    i.f_readdir         ff.o
    0x0800c51c   0x0000000a   Code   RO         3011    i.ff_convert        mycc936.o
    0x0800c526   0x00000002   PAD
    0x0800c528   0x00000038   Code   RO         3012    i.ff_wtoupper       mycc936.o
    0x0800c560   0x00000080   Code   RO         2667    i.fit_lfn           ff.o
    0x0800c5e0   0x0000009a   Code   RO         2668    i.follow_path       ff.o
    0x0800c67a   0x00000002   PAD
    0x0800c67c   0x0000001c   Code   RO         3717    i.fputc             usart.o
    0x0800c698   0x00000050   Code   RO         6050    i.free              mc_w.l(malloc.o)
    0x0800c6e8   0x000000a6   Code   RO         2669    i.gen_numname       ff.o
    0x0800c78e   0x00000002   PAD
    0x0800c790   0x000000b0   Code   RO         3330    i.get_TF_free       sd.o
    0x0800c840   0x000000b0   Code   RO         3331    i.get_USB_free      sd.o
    0x0800c8f0   0x00000156   Code   RO         2670    i.get_fat           ff.o
    0x0800ca46   0x00000004   Code   RO         2613    i.get_fattime       fattime.o
    0x0800ca4a   0x00000002   PAD
    0x0800ca4c   0x0000000c   Code   RO         4163    i.get_file_curindex  mp3play.o
    0x0800ca58   0x00000138   Code   RO         2671    i.get_fileinfo      ff.o
    0x0800cb90   0x0000009a   Code   RO         3093    i.gui_circle        lcd.o
    0x0800cc2a   0x00000002   PAD
    0x0800cc2c   0x000001dc   Code   RO         3955    i.idct9             imdct.o
    0x0800ce08   0x000000f4   Code   RO         3956    i.imdct12           imdct.o
    0x0800cefc   0x00000210   Code   RO          697    i.key_test          producttest.o
    0x0800d10c   0x00000348   Code   RO          698    i.lcd_test          producttest.o
    0x0800d454   0x00000048   Code   RO           16    i.led_task          main.o
    0x0800d49c   0x00000334   Code   RO          699    i.led_test          producttest.o
    0x0800d7d0   0x000000d4   Code   RO           17    i.list_ctrl         main.o
    0x0800d8a4   0x00000158   Code   RO           18    i.main              main.o
    0x0800d9fc   0x0000006c   Code   RO         6051    i.malloc            mc_w.l(malloc.o)
    0x0800da68   0x00000026   Code   RO         2672    i.mem_cmp           ff.o
    0x0800da8e   0x0000001a   Code   RO         2673    i.mem_cpy           ff.o
    0x0800daa8   0x00000014   Code   RO         2674    i.mem_set           ff.o
    0x0800dabc   0x00000072   Code   RO         2675    i.move_window       ff.o
    0x0800db2e   0x00000002   PAD
    0x0800db30   0x00000130   Code   RO         4165    i.music_ctrl        mp3play.o
    0x0800dc60   0x00000016   Code   RO         3094    i.mypow             lcd.o
    0x0800dc76   0x00000002   PAD
    0x0800dc78   0x00000074   Code   RO         2676    i.pick_lfn          ff.o
    0x0800dcec   0x0000018e   Code   RO         2677    i.put_fat           ff.o
    0x0800de7a   0x00000068   Code   RO         2678    i.remove_chain      ff.o
    0x0800dee2   0x00000002   PAD
    0x0800dee4   0x00000038   Code   RO           19    i.reset_time        main.o
    0x0800df1c   0x00000078   Code   RO           20    i.start_task        main.o
    0x0800df94   0x00000020   Code   RO         2679    i.sum_sfn           ff.o
    0x0800dfb4   0x00000030   Code   RO           21    i.test_task         main.o
    0x0800dfe4   0x0000008c   Code   RO           22    i.tf_task           main.o
    0x0800e070   0x000000b4   Code   RO         3718    i.uart_init         usart.o
    0x0800e124   0x000000e8   Code   RO           23    i.ui_task           main.o
    0x0800e20c   0x000001c8   Code   RO         3719    i.usart_ctrl_music  usart.o
    0x0800e3d4   0x000001cc   Code   RO          700    i.usart_test        producttest.o
    0x0800e5a0   0x0000003c   Code   RO           24    i.usb_task          main.o
    0x0800e5dc   0x0000002a   Code   RO         2681    i.validate          ff.o
    0x0800e606   0x00000002   PAD
    0x0800e608   0x00000094   Code   RO         3830    i.xmp3_AllocateBuffers  buffers.o
    0x0800e69c   0x00000012   Code   RO         3766    i.xmp3_CalcBitsUsed  bitstream.o
    0x0800e6ae   0x0000001c   Code   RO         3767    i.xmp3_CheckPadBit  bitstream.o
    0x0800e6ca   0x0000021a   Code   RO         3916    i.xmp3_DecodeHuffman  huffman.o
    0x0800e8e4   0x00000278   Code   RO         3892    i.xmp3_DequantChannel  dqchan.o
    0x0800eb5c   0x00000284   Code   RO         3871    i.xmp3_Dequantize   dequant.o
    0x0800ede0   0x00000d2c   Code   RO         3856    i.xmp3_FDCT32       dct32.o
    0x0800fb0c   0x00000050   Code   RO         3768    i.xmp3_GetBits      bitstream.o
    0x0800fb5c   0x000001fa   Code   RO         3957    i.xmp3_IMDCT        imdct.o
    0x0800fd56   0x00000002   PAD
    0x0800fd58   0x000002f0   Code   RO         4094    i.xmp3_IntensityProcMPEG1  stproc.o
    0x08010048   0x000002cc   Code   RO         4095    i.xmp3_IntensityProcMPEG2  stproc.o
    0x08010314   0x0000006a   Code   RO         4096    i.xmp3_MidSideProc  stproc.o
    0x0801037e   0x0000000c   Code   RO         3769    i.xmp3_SetBitstreamPointer  bitstream.o
    0x0801038a   0x00000002   PAD
    0x0801038c   0x00000114   Code   RO         4118    i.xmp3_Subband      subband.o
    0x080104a0   0x000001f4   Code   RO         3770    i.xmp3_UnpackFrameHeader  bitstream.o
    0x08010694   0x00000128   Code   RO         4072    i.xmp3_UnpackScaleFactors  scalfact.o
    0x080107bc   0x0000022c   Code   RO         3771    i.xmp3_UnpackSideInfo  bitstream.o
    0x080109e8   0x00001200   Data   RO           26    .constdata          main.o
    0x08011be8   0x0000000a   Data   RO          701    .constdata          producttest.o
    0x08011bf2   0x00000002   PAD
    0x08011bf4   0x00000052   Data   RO         2682    .constdata          ff.o
    0x08011c46   0x000003c0   Data   RO         3013    .constdata          mycc936.o
    0x08012006   0x0002064c   Data   RO         3096    .constdata          lcd.o
    0x08032652   0x00000002   PAD
    0x08032654   0x000000c0   Data   RO         3857    .constdata          dct32.o
    0x08032714   0x00000250   Data   RO         3893    .constdata          dqchan.o
    0x08032964   0x00002304   Data   RO         3936    .constdata          hufftabs.o
    0x08034c68   0x00000078   Data   RO         3958    .constdata          imdct.o
    0x08034ce0   0x000004fe   Data   RO         4058    .constdata          mp3tabs.o
    0x080351de   0x00000068   Data   RO         4073    .constdata          scalfact.o
    0x08035246   0x00000002   PAD
    0x08035248   0x0000086c   Data   RO         4130    .constdata          trigtabs.o
    0x08035ab4   0x00000100   Data   RO         5024    .constdata          os_core.o
    0x08035bb4   0x00000040   Data   RO         6119    Region$$Table       anon$$obj.o


    Execution Region RW_IRAM2 (Base: 0x10000000, Size: 0x00000614, Max: 0x00010000, ABSOLUTE)

    Base Addr    Size         Type   Attr      Idx    E Section Name        Object

    0x10000000   0x00000006   Data   RW           27    .data               main.o
    0x10000006   0x00000002   PAD
    0x10000008   0x00000014   Data   RW          457    .data               system_stm32f4xx.o
    0x1000001c   0x0000004f   Data   RW          577    .data               usbh_usr.o
    0x1000006b   0x00000001   Data   RW          702    .data               producttest.o
    0x1000006c   0x0000000a   Data   RW         2683    .data               ff.o
    0x10000076   0x00000001   Data   RW         3036    .data               key.o
    0x10000077   0x00000001   PAD
    0x10000078   0x00000006   Data   RW         3097    .data               lcd.o
    0x1000007e   0x00000002   PAD
    0x10000080   0x0000000c   Data   RW         3332    .data               sd.o
    0x1000008c   0x00000040   Data   RW         3494    .data               codec.o
    0x100000cc   0x00000004   Data   RW         3667    .data               delay.o
    0x100000d0   0x0000000e   Data   RW         4595    .data               usbh_core.o
    0x100000de   0x00000002   PAD
    0x100000e0   0x0000001d   Data   RW         4896    .data               usbh_msc_core.o
    0x100000fd   0x00000003   PAD
    0x10000100   0x00000004   Data   RW         6096    .data               mc_w.l(mvars.o)
    0x10000104   0x00000078   Zero   RW         3493    .bss                codec.o
    0x1000017c   0x0000003c   Zero   RW         3720    .bss                usart.o
    0x100001b8   0x0000004a   Zero   RW         4895    .bss                usbh_msc_core.o
    0x10000202   0x00000002   PAD
    0x10000204   0x00000410   Zero   RW         4947    .bss                usbh_msc_scsi.o


    Execution Region RW_IRAM1 (Base: 0x20000000, Size: 0x00010618, Max: 0x00020000, ABSOLUTE)

    Base Addr    Size         Type   Attr      Idx    E Section Name        Object

    0x20000000   0x0000000a   Data   RW          372    .data               stm32f4xx_it.o
    0x2000000a   0x00000002   PAD
    0x2000000c   0x00000008   Data   RW          497    .data               usb_bsp.o
    0x20000014   0x00000010   Data   RW         1433    .data               stm32f4xx_rcc.o
    0x20000024   0x00000001   Data   RW         2973    .data               diskio.o
    0x20000025   0x00000003   PAD
    0x20000028   0x00000006   Data   RW         3721    .data               usart.o
    0x2000002e   0x00000002   PAD
    0x20000030   0x00000038   Data   RW         4167    .data               mp3play.o
    0x20000068   0x0000000d   Data   RW         4848    .data               usbh_msc_bot.o
    0x20000075   0x00000001   Data   RW         4948    .data               usbh_msc_scsi.o
    0x20000076   0x00000002   PAD
    0x20000078   0x00000048   Data   RW         5025    .data               os_core.o
    0x200000c0   0x00000004   Data   RW         5764    .data               mc_w.l(rand.o)
    0x200000c4   0x00000004   Data   RW         6097    .data               mc_w.l(mvars.o)
    0x200000c8   0x00003788   Zero   RW           25    .bss                main.o
    0x20003850   0x000018bc   Zero   RW          576    .bss                usbh_usr.o
    0x2000510c   0x00000868   Zero   RW         2930    .bss                exfuns.o
    0x20005974   0x0000000e   Zero   RW         3095    .bss                lcd.o
    0x20005982   0x00000002   PAD
    0x20005984   0x00005d08   Zero   RW         3832    .bss                buffers.o
    0x2000b68c   0x000033c8   Zero   RW         4166    .bss                mp3play.o
    0x2000ea54   0x00000040   Zero   RW         4847    .bss                usbh_msc_bot.o
    0x2000ea94   0x00000a80   Zero   RW         5023    .bss                os_core.o
    0x2000f514   0x00000004   PAD
    0x2000f518   0x00000100   Zero   RW            2    HEAP                startup_stm32f4xx.o
    0x2000f618   0x00001000   Zero   RW            1    STACK               startup_stm32f4xx.o


==============================================================================

Image component sizes


      Code (inc. data)   RO Data    RW Data    ZI Data      Debug   Object Name

         8          0          0          0          0        244   asmmisc.o
      2062          0          0          0          0        604   asmpoly_thumb2.o
      1330         24          0          0          0      12735   bitstream.o
       170         32          0          0      23816       1917   buffers.o
      3048        314          0         64        120      17083   codec.o
      3372         10        192          0          0       4426   dct32.o
       272         26          0          4          0       2425   delay.o
       672          4          0          0          0       2170   dequant.o
       684         54          0          1          0       4434   diskio.o
      1096         38        592          0          0       4246   dqchan.o
       102          0          0          0       2152       1703   exfuns.o
         4          0          0          0          0        466   fattime.o
      6716         64         82         10          0      30433   ff.o
      1826         26          0          0          0       6213   huffman.o
         0          0       8964          0          0       5624   hufftabs.o
      4134         56        120          0          0      11965   imdct.o
       440         32          0          1          0       1998   key.o
      4010        210     132684          6         14      24374   lcd.o
        56          6          0          0          0        511   led.o
      2602        546       4608          6      14216     351805   main.o
       200         32          0          0          0       2871   misc.o
      1062          6          0          0          0       5269   mp3dec.o
      1444        176          0         56      13256       8591   mp3play.o
         0          0       1278          0          0       1917   mp3tabs.o
        66         10        960          0          0       1499   mycc936.o
      2058        396        256         72       2688      20912   os_core.o
       200         32          0          0          0        316   os_cpu_a.o
       176          4          0          0          0      13830   os_cpu_c.o
       124         14          0          0          0       8662   os_flag.o
        80          8          0          0          0        579   os_q.o
      1154        116          0          0          0       6708   os_task.o
       120         20          0          0          0        636   os_time.o
      2900        422         10          1          0       3815   producttest.o
      1420          8        104          0          0       4382   scalfact.o
      1950        168          0         12          0      13283   sd.o
        36          8        392          0       4352        840   startup_stm32f4xx.o
       124         18          0          0          0       2635   stm32f4xx_dac.o
       652         54          0          0          0       6040   stm32f4xx_dma.o
        52         12          0          0          0       1240   stm32f4xx_exti.o
       232          0          0          0          0       3743   stm32f4xx_gpio.o
       564         28          0          0          0       8373   stm32f4xx_i2c.o
       192         30          0         10          0       6546   stm32f4xx_it.o
       424         54          0         16          0       6514   stm32f4xx_rcc.o
       634         22          0          0          0       7344   stm32f4xx_spi.o
       248         28          0          0          0       5749   stm32f4xx_tim.o
       422          8          0          0          0       5116   stm32f4xx_usart.o
      1574         18          0          0          0       4663   stproc.o
       276          4          0          0          0       1147   subband.o
       384         40          0         20          0       1781   system_stm32f4xx.o
         0          0       2156          0          0        936   trigtabs.o
       848        164          0          6         60       4389   usart.o
       606         26          0          8          0       6396   usb_bsp.o
      3136         18          0          0          0      19171   usb_core.o
       202          0          0          0          0       5291   usb_hcd.o
      3604          0          0          0          0      10471   usb_hcd_int.o
      1690         52          0         14          0      14753   usbh_core.o
       390          0          0          0          0       4636   usbh_hcs.o
       572          0          0          0          0       5594   usbh_ioreq.o
      1056         98          0         13         64       6813   usbh_msc_bot.o
       876         62          0         29         74       6725   usbh_msc_core.o
      1312         88          0          1       1040       7404   usbh_msc_scsi.o
       848          0          0          0          0       9991   usbh_stdreq.o
       364         92          0         79       6332      14284   usbh_usr.o

    ----------------------------------------------------------------------
     66956       3778     152468        448      68192     757231   Object Totals
         0          0         64          0          0          0   (incl. Generated)
        80          0          6         19          8          0   (incl. Padding)

    ----------------------------------------------------------------------

      Code (inc. data)   RO Data    RW Data    ZI Data      Debug   Library Member Name

        86          0          0          0          0          0   __dczerorl2.o
         0          0          0          0          0          0   entry.o
         0          0          0          0          0          0   entry10a.o
         0          0          0          0          0          0   entry11a.o
         8          4          0          0          0          0   entry2.o
         4          0          0          0          0          0   entry5.o
         0          0          0          0          0          0   entry7b.o
         0          0          0          0          0          0   entry8b.o
         8          4          0          0          0          0   entry9a.o
        30          0          0          0          0          0   handlers.o
        36          8          0          0          0         68   init.o
       188         20          0          0          0        160   malloc.o
        64          0          0          0          0         76   memmovea.o
        36          0          0          0          0        108   memseta.o
         0          0          0          8          0          0   mvars.o
        50          8          0          0          0        152   printfb.o
        36         10          0          4          0        136   rand.o
        24          0          0          0          0         68   strcat.o
        28          0          0          0          0         76   strcmp.o
        18          0          0          0          0         68   strcpy.o
        14          0          0          0          0         68   strlen.o
        30          0          0          0          0         80   strncmp.o
        24          0          0          0          0         76   strncpy.o
        36          0          0          0          0         80   strstr.o

    ----------------------------------------------------------------------
       724         54          0         12          0       1216   Library Totals
         4          0          0          0          0          0   (incl. Padding)

    ----------------------------------------------------------------------

      Code (inc. data)   RO Data    RW Data    ZI Data      Debug   Library Name

       720         54          0         12          0       1216   mc_w.l

    ----------------------------------------------------------------------
       724         54          0         12          0       1216   Library Totals

    ----------------------------------------------------------------------

==============================================================================


      Code (inc. data)   RO Data    RW Data    ZI Data      Debug   

     67680       3832     152468        460      68192     713859   Grand Totals
     67680       3832     152468        460      68192     713859   ELF Image Totals
     67680       3832     152468        460          0          0   ROM Totals

==============================================================================

    Total RO  Size (Code + RO Data)               220148 ( 214.99kB)
    Total RW  Size (RW Data + ZI Data)             68652 (  67.04kB)
    Total ROM Size (Code + RO Data + RW Data)     220608 ( 215.44kB)

==============================================================================

